Archive member included to satisfy reference by file (symbol)

c:/siliconlabs/simplicitystudio/v5/developer/toolchains/gnu_arm/12.2.rel1_2023.7/bin/../lib/gcc/arm-none-eabi/12.2.1/thumb/v8-m.main+fp/hard\libgcc.a(_aeabi_ldivmod.o)
                              ./gecko_sdk_4.4.2/platform/emlib/src/em_usart.o (__aeabi_ldivmod)
c:/siliconlabs/simplicitystudio/v5/developer/toolchains/gnu_arm/12.2.rel1_2023.7/bin/../lib/gcc/arm-none-eabi/12.2.1/thumb/v8-m.main+fp/hard\libgcc.a(_aeabi_uldivmod.o)
                              ./gecko_sdk_4.4.2/platform/emlib/src/em_usart.o (__aeabi_uldivmod)
c:/siliconlabs/simplicitystudio/v5/developer/toolchains/gnu_arm/12.2.rel1_2023.7/bin/../lib/gcc/arm-none-eabi/12.2.1/thumb/v8-m.main+fp/hard\libgcc.a(_udivmoddi4.o)
                              c:/siliconlabs/simplicitystudio/v5/developer/toolchains/gnu_arm/12.2.rel1_2023.7/bin/../lib/gcc/arm-none-eabi/12.2.1/thumb/v8-m.main+fp/hard\libgcc.a(_aeabi_ldivmod.o) (__udivmoddi4)
c:/siliconlabs/simplicitystudio/v5/developer/toolchains/gnu_arm/12.2.rel1_2023.7/bin/../lib/gcc/arm-none-eabi/12.2.1/thumb/v8-m.main+fp/hard\libgcc.a(_dvmd_tls.o)
                              c:/siliconlabs/simplicitystudio/v5/developer/toolchains/gnu_arm/12.2.rel1_2023.7/bin/../lib/gcc/arm-none-eabi/12.2.1/thumb/v8-m.main+fp/hard\libgcc.a(_aeabi_ldivmod.o) (__aeabi_ldiv0)
c:/siliconlabs/simplicitystudio/v5/developer/toolchains/gnu_arm/12.2.rel1_2023.7/bin/../lib/gcc/arm-none-eabi/12.2.1/thumb/v8-m.main+fp/hard\libc_nano.a(libc_a-exit.o)
                              c:/siliconlabs/simplicitystudio/v5/developer/toolchains/gnu_arm/12.2.rel1_2023.7/bin/../lib/gcc/arm-none-eabi/12.2.1/thumb/v8-m.main+fp/hard/crt0.o (exit)
c:/siliconlabs/simplicitystudio/v5/developer/toolchains/gnu_arm/12.2.rel1_2023.7/bin/../lib/gcc/arm-none-eabi/12.2.1/thumb/v8-m.main+fp/hard\libc_nano.a(libc_a-ctype_.o)
                              ./gecko_sdk_4.4.2/platform/common/src/sl_string.o (_ctype_)
c:/siliconlabs/simplicitystudio/v5/developer/toolchains/gnu_arm/12.2.rel1_2023.7/bin/../lib/gcc/arm-none-eabi/12.2.1/thumb/v8-m.main+fp/hard\libc_nano.a(libc_a-findfp.o)
                              c:/siliconlabs/simplicitystudio/v5/developer/toolchains/gnu_arm/12.2.rel1_2023.7/bin/../lib/gcc/arm-none-eabi/12.2.1/thumb/v8-m.main+fp/hard\libc_nano.a(libc_a-exit.o) (__stdio_exit_handler)
c:/siliconlabs/simplicitystudio/v5/developer/toolchains/gnu_arm/12.2.rel1_2023.7/bin/../lib/gcc/arm-none-eabi/12.2.1/thumb/v8-m.main+fp/hard\libc_nano.a(libc_a-fwalk.o)
                              c:/siliconlabs/simplicitystudio/v5/developer/toolchains/gnu_arm/12.2.rel1_2023.7/bin/../lib/gcc/arm-none-eabi/12.2.1/thumb/v8-m.main+fp/hard\libc_nano.a(libc_a-findfp.o) (_fwalk_sglue)
c:/siliconlabs/simplicitystudio/v5/developer/toolchains/gnu_arm/12.2.rel1_2023.7/bin/../lib/gcc/arm-none-eabi/12.2.1/thumb/v8-m.main+fp/hard\libc_nano.a(libc_a-setvbuf.o)
                              ./gecko_sdk_4.4.2/platform/service/iostream/src/sl_iostream_stdlib_config.o (setvbuf)
c:/siliconlabs/simplicitystudio/v5/developer/toolchains/gnu_arm/12.2.rel1_2023.7/bin/../lib/gcc/arm-none-eabi/12.2.1/thumb/v8-m.main+fp/hard\libc_nano.a(libc_a-stdio.o)
                              c:/siliconlabs/simplicitystudio/v5/developer/toolchains/gnu_arm/12.2.rel1_2023.7/bin/../lib/gcc/arm-none-eabi/12.2.1/thumb/v8-m.main+fp/hard\libc_nano.a(libc_a-findfp.o) (__sread)
c:/siliconlabs/simplicitystudio/v5/developer/toolchains/gnu_arm/12.2.rel1_2023.7/bin/../lib/gcc/arm-none-eabi/12.2.1/thumb/v8-m.main+fp/hard\libc_nano.a(libc_a-vprintf.o)
                              ./gecko_sdk_4.4.2/platform/service/iostream/src/sl_iostream.o (vprintf)
c:/siliconlabs/simplicitystudio/v5/developer/toolchains/gnu_arm/12.2.rel1_2023.7/bin/../lib/gcc/arm-none-eabi/12.2.1/thumb/v8-m.main+fp/hard\libc_nano.a(libc_a-memset.o)
                              c:/siliconlabs/simplicitystudio/v5/developer/toolchains/gnu_arm/12.2.rel1_2023.7/bin/../lib/gcc/arm-none-eabi/12.2.1/thumb/v8-m.main+fp/hard/crt0.o (memset)
c:/siliconlabs/simplicitystudio/v5/developer/toolchains/gnu_arm/12.2.rel1_2023.7/bin/../lib/gcc/arm-none-eabi/12.2.1/thumb/v8-m.main+fp/hard\libc_nano.a(libc_a-closer.o)
                              c:/siliconlabs/simplicitystudio/v5/developer/toolchains/gnu_arm/12.2.rel1_2023.7/bin/../lib/gcc/arm-none-eabi/12.2.1/thumb/v8-m.main+fp/hard\libc_nano.a(libc_a-stdio.o) (_close_r)
c:/siliconlabs/simplicitystudio/v5/developer/toolchains/gnu_arm/12.2.rel1_2023.7/bin/../lib/gcc/arm-none-eabi/12.2.1/thumb/v8-m.main+fp/hard\libc_nano.a(libc_a-reent.o)
                              c:/siliconlabs/simplicitystudio/v5/developer/toolchains/gnu_arm/12.2.rel1_2023.7/bin/../lib/gcc/arm-none-eabi/12.2.1/thumb/v8-m.main+fp/hard\libc_nano.a(libc_a-closer.o) (errno)
c:/siliconlabs/simplicitystudio/v5/developer/toolchains/gnu_arm/12.2.rel1_2023.7/bin/../lib/gcc/arm-none-eabi/12.2.1/thumb/v8-m.main+fp/hard\libc_nano.a(libc_a-impure.o)
[...]
Memory Configuration

Name             Origin             Length             Attributes
FLASH            0x08000000         0x0017e000         xr
RAM              0x20000000         0x00040000         xrw
*default*        0x00000000         0xffffffff

Linker script and memory map

LOAD c:/siliconlabs/simplicitystudio/v5/developer/toolchains/gnu_arm/12.2.rel1_2023.7/bin/../lib/gcc/arm-none-eabi/12.2.1/thumb/v8-m.main+fp/hard/crti.o
LOAD c:/siliconlabs/simplicitystudio/v5/developer/toolchains/gnu_arm/12.2.rel1_2023.7/bin/../lib/gcc/arm-none-eabi/12.2.1/thumb/v8-m.main+fp/hard/crtbegin.o
LOAD c:/siliconlabs/simplicitystudio/v5/developer/toolchains/gnu_arm/12.2.rel1_2023.7/bin/../lib/gcc/arm-none-eabi/12.2.1/thumb/v8-m.main+fp/hard/crt0.o
START GROUP
LOAD ./autogen/sl_board_default_init.o
LOAD ./autogen/sl_device_init_clocks.o
LOAD ./autogen/sl_event_handler.o
LOAD ./autogen/sl_iostream_handles.o
LOAD ./autogen/sl_iostream_init_usart_instances.o
LOAD ./dht11.o
LOAD ./main.o
LOAD ./gecko_sdk_4.4.2/app/common/util/app_log/app_log.o
LOAD ./gecko_sdk_4.4.2/hardware/board/src/sl_board_control_gpio.o
LOAD ./gecko_sdk_4.4.2/hardware/board/src/sl_board_init.o
LOAD ./gecko_sdk_4.4.2/hardware/driver/configuration_over_swo/src/sl_cos.o
LOAD ./gecko_sdk_4.4.2/hardware/driver/mx25_flash_shutdown/src/sl_mx25_flash_shutdown_usart/sl_mx25_flash_shutdown.o
LOAD ./gecko_sdk_4.4.2/platform/Device/SiliconLabs/EFR32MG24/Source/startup_efr32mg24.o
LOAD ./gecko_sdk_4.4.2/platform/Device/SiliconLabs/EFR32MG24/Source/system_efr32mg24.o
LOAD ./gecko_sdk_4.4.2/platform/common/src/sl_assert.o
LOAD ./gecko_sdk_4.4.2/platform/common/src/sl_string.o
LOAD ./gecko_sdk_4.4.2/platform/common/src/sl_syscalls.o
LOAD ./gecko_sdk_4.4.2/platform/common/toolchain/src/sl_memory.o
LOAD ./gecko_sdk_4.4.2/platform/driver/debug/src/sl_debug_swo.o
LOAD ./gecko_sdk_4.4.2/platform/emdrv/dmadrv/src/dmadrv.o
LOAD ./gecko_sdk_4.4.2/platform/emlib/src/em_cmu.o
LOAD ./gecko_sdk_4.4.2/platform/emlib/src/em_core.o
LOAD ./gecko_sdk_4.4.2/platform/emlib/src/em_emu.o
LOAD ./gecko_sdk_4.4.2/platform/emlib/src/em_gpio.o
LOAD ./gecko_sdk_4.4.2/platform/emlib/src/em_ldma.o
LOAD ./gecko_sdk_4.4.2/platform/emlib/src/em_msc.o
LOAD ./gecko_sdk_4.4.2/platform/emlib/src/em_system.o
LOAD ./gecko_sdk_4.4.2/platform/emlib/src/em_usart.o
LOAD ./gecko_sdk_4.4.2/platform/service/device_init/src/sl_device_init_dcdc_s2.o
LOAD ./gecko_sdk_4.4.2/platform/service/device_init/src/sl_device_init_emu_s2.o
LOAD ./gecko_sdk_4.4.2/platform/service/device_init/src/sl_device_init_hfxo_s2.o
LOAD ./gecko_sdk_4.4.2/platform/service/device_init/src/sl_device_init_lfxo_s2.o
LOAD ./gecko_sdk_4.4.2/platform/service/device_init/src/sl_device_init_nvic.o
LOAD ./gecko_sdk_4.4.2/platform/service/iostream/src/sl_iostream.o
LOAD ./gecko_sdk_4.4.2/platform/service/iostream/src/sl_iostream_retarget_stdio.o
LOAD ./gecko_sdk_4.4.2/platform/service/iostream/src/sl_iostream_stdlib_config.o
LOAD ./gecko_sdk_4.4.2/platform/service/iostream/src/sl_iostream_uart.o
LOAD ./gecko_sdk_4.4.2/platform/service/iostream/src/sl_iostream_usart.o
LOAD ./gecko_sdk_4.4.2/platform/service/system/src/sl_system_init.o
LOAD ./gecko_sdk_4.4.2/platform/service/system/src/sl_system_process_action.o
LOAD ./gecko_sdk_4.4.2/platform/service/udelay/src/sl_udelay.o
LOAD ./gecko_sdk_4.4.2/platform/service/udelay/src/sl_udelay_armv6m_gcc.o
LOAD c:/siliconlabs/simplicitystudio/v5/developer/toolchains/gnu_arm/12.2.rel1_2023.7/bin/../lib/gcc/arm-none-eabi/12.2.1/thumb/v8-m.main+fp/hard\libgcc.a
LOAD c:/siliconlabs/simplicitystudio/v5/developer/toolchains/gnu_arm/12.2.rel1_2023.7/bin/../lib/gcc/arm-none-eabi/12.2.1/thumb/v8-m.main+fp/hard\libc_nano.a
LOAD c:/siliconlabs/simplicitystudio/v5/developer/toolchains/gnu_arm/12.2.rel1_2023.7/bin/../lib/gcc/arm-none-eabi/12.2.1/thumb/v8-m.main+fp/hard\libm.a
LOAD c:/siliconlabs/simplicitystudio/v5/developer/toolchains/gnu_arm/12.2.rel1_2023.7/bin/../lib/gcc/arm-none-eabi/12.2.1/thumb/v8-m.main+fp/hard\libnosys.a
END GROUP
START GROUP
LOAD c:/siliconlabs/simplicitystudio/v5/developer/toolchains/gnu_arm/12.2.rel1_2023.7/bin/../lib/gcc/arm-none-eabi/12.2.1/thumb/v8-m.main+fp/hard\libgcc.a
LOAD c:/siliconlabs/simplicitystudio/v5/developer/toolchains/gnu_arm/12.2.rel1_2023.7/bin/../lib/gcc/arm-none-eabi/12.2.1/thumb/v8-m.main+fp/hard\libc_nano.a
LOAD c:/siliconlabs/simplicitystudio/v5/developer/toolchains/gnu_arm/12.2.rel1_2023.7/bin/../lib/gcc/arm-none-eabi/12.2.1/thumb/v8-m.main+fp/hard\libnosys.a
END GROUP
START GROUP
LOAD c:/siliconlabs/simplicitystudio/v5/developer/toolchains/gnu_arm/12.2.rel1_2023.7/bin/../lib/gcc/arm-none-eabi/12.2.1/thumb/v8-m.main+fp/hard\libgcc.a
LOAD c:/siliconlabs/simplicitystudio/v5/developer/toolchains/gnu_arm/12.2.rel1_2023.7/bin/../lib/gcc/arm-none-eabi/12.2.1/thumb/v8-m.main+fp/hard\libg_nano.a
LOAD c:/siliconlabs/simplicitystudio/v5/developer/toolchains/gnu_arm/12.2.rel1_2023.7/bin/../lib/gcc/arm-none-eabi/12.2.1/thumb/v8-m.main+fp/hard\libc_nano.a
END GROUP
START GROUP
LOAD c:/siliconlabs/simplicitystudio/v5/developer/toolchains/gnu_arm/12.2.rel1_2023.7/bin/../lib/gcc/arm-none-eabi/12.2.1/thumb/v8-m.main+fp/hard\libgcc.a
LOAD c:/siliconlabs/simplicitystudio/v5/developer/toolchains/gnu_arm/12.2.rel1_2023.7/bin/../lib/gcc/arm-none-eabi/12.2.1/thumb/v8-m.main+fp/hard\libc_nano.a
END GROUP
LOAD c:/siliconlabs/simplicitystudio/v5/developer/toolchains/gnu_arm/12.2.rel1_2023.7/bin/../lib/gcc/arm-none-eabi/12.2.1/thumb/v8-m.main+fp/hard/crtend.o
LOAD c:/siliconlabs/simplicitystudio/v5/developer/toolchains/gnu_arm/12.2.rel1_2023.7/bin/../lib/gcc/arm-none-eabi/12.2.1/thumb/v8-m.main+fp/hard/crtn.o

.text           0x08000000     0x49f8
                0x08000000                linker_vectors_begin = .
 *(.vectors)
 .vectors       0x08000000      0x170 ./gecko_sdk_4.4.2/platform/Device/SiliconLabs/EFR32MG24/Source/startup_efr32mg24.o
                0x08000000                __Vectors
                0x08000170                linker_vectors_end = .
                0x08000170                __Vectors_End = .
                0x08000170                __Vectors_Size = (__Vectors_End - __Vectors)
                0x08000170                linker_code_begin = .
 *(SORT_BY_ALIGNMENT(.text*))
 .text          0x08000170        0x8 ./gecko_sdk_4.4.2/platform/service/udelay/src/sl_udelay_armv6m_gcc.o
                0x08000170                sli_delay_loop
 .text.deregister_tm_clones
                0x08000178       0x1c c:/siliconlabs/simplicitystudio/v5/developer/toolchains/gnu_arm/12.2.rel1_2023.7/bin/../lib/gcc/arm-none-eabi/12.2.1/thumb/v8-m.main+fp/hard/crtbegin.o
 .text.register_tm_clones
                0x08000194       0x28 c:/siliconlabs/simplicitystudio/v5/developer/toolchains/gnu_arm/12.2.rel1_2023.7/bin/../lib/gcc/arm-none-eabi/12.2.1/thumb/v8-m.main+fp/hard/crtbegin.o
 .text.__do_global_dtors_aux
                0x080001bc       0x28 c:/siliconlabs/simplicitystudio/v5/developer/toolchains/gnu_arm/12.2.rel1_2023.7/bin/../lib/gcc/arm-none-eabi/12.2.1/thumb/v8-m.main+fp/hard/crtbegin.o
 .text.frame_dummy
                0x080001e4       0x24 c:/siliconlabs/simplicitystudio/v5/developer/toolchains/gnu_arm/12.2.rel1_2023.7/bin/../lib/gcc/arm-none-eabi/12.2.1/thumb/v8-m.main+fp/hard/crtbegin.o
 .text          0x08000208       0x7c c:/siliconlabs/simplicitystudio/v5/developer/toolchains/gnu_arm/12.2.rel1_2023.7/bin/../lib/gcc/arm-none-eabi/12.2.1/thumb/v8-m.main+fp/hard/crt0.o
                0x08000208                _stack_init
                0x08000210                _start
                0x08000210                _mainCRTStartup
 .text.sl_device_init_clocks
                0x08000284       0xac ./autogen/sl_device_init_clocks.o
                0x08000284                sl_device_init_clocks
 .text.sl_platform_init
                0x08000330       0x6c ./autogen/sl_event_handler.o
                0x08000330                sl_platform_init
 .text.sl_iostream_usart_init_vcom
                0x0800039c       0xb4 ./autogen/sl_iostream_init_usart_instances.o
                0x0800039c                sl_iostream_usart_init_vcom
 .text.sl_iostream_usart_init_instances
                0x08000450       0x1c ./autogen/sl_iostream_init_usart_instances.o
                0x08000450                sl_iostream_usart_init_instances
 .text.USART0_RX_IRQHandler
                0x0800046c        0xc ./autogen/sl_iostream_init_usart_instances.o
                0x0800046c                USART0_RX_IRQHandler
 .text.GPIO_PinInGet.constprop.0
                0x08000478       0x10 ./dht11.o
 .text.DHT11_ReadData
                0x08000488       0xe0 ./dht11.o
                0x08000488                DHT11_ReadData
 .text.startup.main
                0x08000568       0xc0 ./main.o
                0x08000568                main
 .text.app_log_init
                0x08000628       0x38 ./gecko_sdk_4.4.2/app/common/util/app_log/app_log.o
                0x08000628                app_log_init
 .text.cs_high  0x08000660       0x10 ./gecko_sdk_4.4.2/hardware/driver/mx25_flash_shutdown/src/sl_mx25_flash_shutdown_usart/sl_mx25_flash_shutdown.o
 .text.cs_low   0x08000670       0x10 ./gecko_sdk_4.4.2/hardware/driver/mx25_flash_shutdown/src/sl_mx25_flash_shutdown_usart/sl_mx25_flash_shutdown.o
 .text.sl_mx25_flash_shutdown
                0x08000680      0x118 ./gecko_sdk_4.4.2/hardware/driver/mx25_flash_shutdown/src/sl_mx25_flash_shutdown_usart/sl_mx25_flash_shutdown.o
                0x08000680                sl_mx25_flash_shutdown
 .text.CopyRamFuncs
                0x08000798       0x1c ./gecko_sdk_4.4.2/platform/Device/SiliconLabs/EFR32MG24/Source/startup_efr32mg24.o
                0x08000798                CopyRamFuncs
 .text.Reset_Handler
                0x080007b4       0x64 ./gecko_sdk_4.4.2/platform/Device/SiliconLabs/EFR32MG24/Source/startup_efr32mg24.o
                0x080007b4                Reset_Handler
 .text.SystemInit
                0x08000818       0x68 ./gecko_sdk_4.4.2/platform/Device/SiliconLabs/EFR32MG24/Source/system_efr32mg24.o
                0x08000818                SystemInit
 .text.SystemHFRCODPLLClockGet
                0x08000880        0xc ./gecko_sdk_4.4.2/platform/Device/SiliconLabs/EFR32MG24/Source/system_efr32mg24.o
                0x08000880                SystemHFRCODPLLClockGet
 .text.SystemSYSCLKGet
                0x0800088c       0x34 ./gecko_sdk_4.4.2/platform/Device/SiliconLabs/EFR32MG24/Source/system_efr32mg24.o
                0x0800088c                SystemSYSCLKGet
 .text.SystemHCLKGet
                0x080008c0       0x24 ./gecko_sdk_4.4.2/platform/Device/SiliconLabs/EFR32MG24/Source/system_efr32mg24.o
                0x080008c0                SystemHCLKGet
 .text.SystemMaxCoreClockGet
                0x080008e4        0x8 ./gecko_sdk_4.4.2/platform/Device/SiliconLabs/EFR32MG24/Source/system_efr32mg24.o
                0x080008e4                SystemMaxCoreClockGet
 .text.SystemHFXOClockGet
                0x080008ec        0xc ./gecko_sdk_4.4.2/platform/Device/SiliconLabs/EFR32MG24/Source/system_efr32mg24.o
                0x080008ec                SystemHFXOClockGet
 .text.SystemHFXOClockSet
                0x080008f8       0x20 ./gecko_sdk_4.4.2/platform/Device/SiliconLabs/EFR32MG24/Source/system_efr32mg24.o
                0x080008f8                SystemHFXOClockSet
 .text.SystemFSRCOClockGet
                0x08000918        0x8 ./gecko_sdk_4.4.2/platform/Device/SiliconLabs/EFR32MG24/Source/system_efr32mg24.o
                0x08000918                SystemFSRCOClockGet
 .text.SystemHFRCOEM23ClockGet
                0x08000920       0x84 ./gecko_sdk_4.4.2/platform/Device/SiliconLabs/EFR32MG24/Source/system_efr32mg24.o
                0x08000920                SystemHFRCOEM23ClockGet
 .text.SystemLFXOClockGet
                0x080009a4        0xc ./gecko_sdk_4.4.2/platform/Device/SiliconLabs/EFR32MG24/Source/system_efr32mg24.o
                0x080009a4                SystemLFXOClockGet
 .text._sbrk    0x080009b0       0x20 ./gecko_sdk_4.4.2/platform/common/toolchain/src/sl_memory.o
                0x080009b0                _sbrk
 .text.sl_debug_swo_init
                0x080009d0      0x114 ./gecko_sdk_4.4.2/platform/driver/debug/src/sl_debug_swo.o
                0x080009d0                sl_debug_swo_init
 .text.sl_debug_swo_write_u8
                0x08000ae4       0x44 ./gecko_sdk_4.4.2/platform/driver/debug/src/sl_debug_swo.o
                0x08000ae4                sl_debug_swo_write_u8
 .text.StartTransfer
                0x08000b28      0x17c ./gecko_sdk_4.4.2/platform/emdrv/dmadrv/src/dmadrv.o
 .text.DMADRV_AllocateChannel
                0x08000ca4       0x60 ./gecko_sdk_4.4.2/platform/emdrv/dmadrv/src/dmadrv.o
                0x08000ca4                DMADRV_AllocateChannel
 .text.DMADRV_DeInit
                0x08000d04       0x44 ./gecko_sdk_4.4.2/platform/emdrv/dmadrv/src/dmadrv.o
                0x08000d04                DMADRV_DeInit
 .text.DMADRV_FreeChannel
                0x08000d48       0x4c ./gecko_sdk_4.4.2/platform/emdrv/dmadrv/src/dmadrv.o
                0x08000d48                DMADRV_FreeChannel
 .text.DMADRV_Init
                0x08000d94       0x68 ./gecko_sdk_4.4.2/platform/emdrv/dmadrv/src/dmadrv.o
                0x08000d94                DMADRV_Init
 .text.DMADRV_PauseTransfer
                0x08000dfc       0x40 ./gecko_sdk_4.4.2/platform/emdrv/dmadrv/src/dmadrv.o
                0x08000dfc                DMADRV_PauseTransfer
 .text.DMADRV_ResumeTransfer
                0x08000e3c       0x40 ./gecko_sdk_4.4.2/platform/emdrv/dmadrv/src/dmadrv.o
                0x08000e3c                DMADRV_ResumeTransfer
 .text.DMADRV_StopTransfer
                0x08000e7c       0x40 ./gecko_sdk_4.4.2/platform/emdrv/dmadrv/src/dmadrv.o
                0x08000e7c                DMADRV_StopTransfer
 .text.DMADRV_TransferCompletePending
                0x08000ebc       0x50 ./gecko_sdk_4.4.2/platform/emdrv/dmadrv/src/dmadrv.o
                0x08000ebc                DMADRV_TransferCompletePending
 .text.DMADRV_TransferDone
                0x08000f0c       0x44 ./gecko_sdk_4.4.2/platform/emdrv/dmadrv/src/dmadrv.o
                0x08000f0c                DMADRV_TransferDone
 .text.LDMA_IRQHandler
                0x08000f50       0x74 ./gecko_sdk_4.4.2/platform/emdrv/dmadrv/src/dmadrv.o
                0x08000f50                LDMA_IRQHandler
 .text.EMU_VScaleGet
                0x08000fc4       0x18 ./gecko_sdk_4.4.2/platform/emlib/src/em_cmu.o
 .text.traceClkGet
                0x08000fdc       0x54 ./gecko_sdk_4.4.2/platform/emlib/src/em_cmu.o
 .text.em01GrpaClkGet
                0x08001030       0x74 ./gecko_sdk_4.4.2/platform/emlib/src/em_cmu.o
 .text.em01GrpcClkGet
                0x080010a4       0x70 ./gecko_sdk_4.4.2/platform/emlib/src/em_cmu.o
 .text.iadcClkGet
                0x08001114       0x60 ./gecko_sdk_4.4.2/platform/emlib/src/em_cmu.o
 .text.eusart0ClkGet
                0x08001174       0x74 ./gecko_sdk_4.4.2/platform/emlib/src/em_cmu.o
 .text.em23GrpaClkGet
                0x080011e8       0x48 ./gecko_sdk_4.4.2/platform/emlib/src/em_cmu.o
 .text.vdac0ClkGet
                0x08001230       0x70 ./gecko_sdk_4.4.2/platform/emlib/src/em_cmu.o
 .text.vdac1ClkGet
                0x080012a0       0x70 ./gecko_sdk_4.4.2/platform/emlib/src/em_cmu.o
 .text.pcnt0ClkGet
                0x08001310       0x4c ./gecko_sdk_4.4.2/platform/emlib/src/em_cmu.o
 .text.wdog0ClkGet
                0x0800135c       0x64 ./gecko_sdk_4.4.2/platform/emlib/src/em_cmu.o
 .text.wdog1ClkGet
                0x080013c0       0x64 ./gecko_sdk_4.4.2/platform/emlib/src/em_cmu.o
 .text.sysrtcClkGet
                0x08001424       0x48 ./gecko_sdk_4.4.2/platform/emlib/src/em_cmu.o
 .text.em4GrpaClkGet
                0x0800146c       0x48 ./gecko_sdk_4.4.2/platform/emlib/src/em_cmu.o
 .text.CMU_ClockDivGet
                0x080014b4       0x78 ./gecko_sdk_4.4.2/platform/emlib/src/em_cmu.o
                0x080014b4                CMU_ClockDivGet
 .text.flashWaitStateControl
                0x0800152c       0x58 ./gecko_sdk_4.4.2/platform/emlib/src/em_cmu.o
 .text.CMU_ClockEnable
                0x08001584       0x50 ./gecko_sdk_4.4.2/platform/emlib/src/em_cmu.o
                0x08001584                CMU_ClockEnable
 .text.CMU_ClockFreqGet
                0x080015d4      0x204 ./gecko_sdk_4.4.2/platform/emlib/src/em_cmu.o
                0x080015d4                CMU_ClockFreqGet
 .text.rhclkPrescOptimize
                0x080017d8       0x20 ./gecko_sdk_4.4.2/platform/emlib/src/em_cmu.o
 .text.CMU_ClockSelectGet
                0x080017f8      0x22c ./gecko_sdk_4.4.2/platform/emlib/src/em_cmu.o
                0x080017f8                CMU_ClockSelectGet
 .text.sli_em_cmu_HFXOSetForceEnable
                0x08001a24       0x1c ./gecko_sdk_4.4.2/platform/emlib/src/em_cmu.o
                0x08001a24                sli_em_cmu_HFXOSetForceEnable
 .text.CMU_HFXOInit
                0x08001a40      0x224 ./gecko_sdk_4.4.2/platform/emlib/src/em_cmu.o
                0x08001a40                CMU_HFXOInit
 .text.CMU_HFXOCTuneDeltaGet
                0x08001c64        0xc ./gecko_sdk_4.4.2/platform/emlib/src/em_cmu.o
                0x08001c64                CMU_HFXOCTuneDeltaGet
 .text.CMU_LFXOInit
                0x08001c70       0xc4 ./gecko_sdk_4.4.2/platform/emlib/src/em_cmu.o
                0x08001c70                CMU_LFXOInit
 .text.CMU_LFXOPrecisionSet
                0x08001d34        0xc ./gecko_sdk_4.4.2/platform/emlib/src/em_cmu.o
                0x08001d34                CMU_LFXOPrecisionSet
 .text.CMU_HFXOPrecisionSet
                0x08001d40        0xc ./gecko_sdk_4.4.2/platform/emlib/src/em_cmu.o
                0x08001d40                CMU_HFXOPrecisionSet
 .text.CMU_ClockDivSet
                0x08001d4c      0x12c ./gecko_sdk_4.4.2/platform/emlib/src/em_cmu.o
                0x08001d4c                CMU_ClockDivSet
 .text.sli_em_cmu_SYSCLKInitPreClockSelect
                0x08001e78       0x20 ./gecko_sdk_4.4.2/platform/emlib/src/em_cmu.o
                0x08001e78                sli_em_cmu_SYSCLKInitPreClockSelect
 .text.pclkDivOptimize
                0x08001e98       0x24 ./gecko_sdk_4.4.2/platform/emlib/src/em_cmu.o
 .text.EMU_DCDCSync
                0x08001ebc       0x10 ./gecko_sdk_4.4.2/platform/emlib/src/em_emu.o
 .text.EMU_EM4Init
                0x08001ecc       0x14 ./gecko_sdk_4.4.2/platform/emlib/src/em_emu.o
                0x08001ecc                EMU_EM4Init
 .text.EMU_VScaleEM01
                0x08001ee0       0xa8 ./gecko_sdk_4.4.2/platform/emlib/src/em_emu.o
                0x08001ee0                EMU_VScaleEM01
 .text.EMU_VScaleEM01ByClock
                0x08001f88       0x30 ./gecko_sdk_4.4.2/platform/emlib/src/em_emu.o
                0x08001f88                EMU_VScaleEM01ByClock
 .text.EMU_DCDCModeSet
                0x08001fb8       0xac ./gecko_sdk_4.4.2/platform/emlib/src/em_emu.o
                0x08001fb8                EMU_DCDCModeSet
 .text.EMU_DCDCInit
                0x08002064       0x70 ./gecko_sdk_4.4.2/platform/emlib/src/em_emu.o
                0x08002064                EMU_DCDCInit
 .text.EMU_DCDCSetPFMXModePeakCurrent
                0x080020d4       0x6c ./gecko_sdk_4.4.2/platform/emlib/src/em_emu.o
                0x080020d4                EMU_DCDCSetPFMXModePeakCurrent
 .text.GPIO_PinOutSet
                0x08002140       0x3c ./gecko_sdk_4.4.2/platform/emlib/src/em_gpio.o
 .text.GPIO_PinOutClear
                0x0800217c       0x3c ./gecko_sdk_4.4.2/platform/emlib/src/em_gpio.o
 .text.GPIO_PinModeSet
                0x080021b8       0x94 ./gecko_sdk_4.4.2/platform/emlib/src/em_gpio.o
                0x080021b8                GPIO_PinModeSet
 .text.LDMA_DeInit
                0x0800224c       0x3c ./gecko_sdk_4.4.2/platform/emlib/src/em_ldma.o
                0x0800224c                LDMA_DeInit
 .text.LDMA_EnableChannelRequest
                0x08002288       0x40 ./gecko_sdk_4.4.2/platform/emlib/src/em_ldma.o
                0x08002288                LDMA_EnableChannelRequest
 .text.LDMA_Init
                0x080022c8       0x94 ./gecko_sdk_4.4.2/platform/emlib/src/em_ldma.o
                0x080022c8                LDMA_Init
 .text.LDMA_StartTransfer
                0x0800235c      0x104 ./gecko_sdk_4.4.2/platform/emlib/src/em_ldma.o
                0x0800235c                LDMA_StartTransfer
 .text.LDMA_StopTransfer
                0x08002460       0x38 ./gecko_sdk_4.4.2/platform/emlib/src/em_ldma.o
                0x08002460                LDMA_StopTransfer
 .text.LDMA_TransferDone
                0x08002498       0x44 ./gecko_sdk_4.4.2/platform/emlib/src/em_ldma.o
                0x08002498                LDMA_TransferDone
 .text.SYSTEM_ChipRevisionGet
                0x080024dc       0x24 ./gecko_sdk_4.4.2/platform/emlib/src/em_system.o
                0x080024dc                SYSTEM_ChipRevisionGet
 .text.USART_BaudrateAsyncSet
                0x08002500       0xe0 ./gecko_sdk_4.4.2/platform/emlib/src/em_usart.o
                0x08002500                USART_BaudrateAsyncSet
 .text.USART_BaudrateSyncSet
                0x080025e0       0x48 ./gecko_sdk_4.4.2/platform/emlib/src/em_usart.o
                0x080025e0                USART_BaudrateSyncSet
 .text.USART_Enable
                0x08002628       0x3c ./gecko_sdk_4.4.2/platform/emlib/src/em_usart.o
                0x08002628                USART_Enable
 .text.USART_Reset
                0x08002664       0x58 ./gecko_sdk_4.4.2/platform/emlib/src/em_usart.o
                0x08002664                USART_Reset
 .text.USART_InitAsync
                0x080026bc       0xd4 ./gecko_sdk_4.4.2/platform/emlib/src/em_usart.o
                0x080026bc                USART_InitAsync
 .text.USART_InitSync
                0x08002790       0xb0 ./gecko_sdk_4.4.2/platform/emlib/src/em_usart.o
                0x08002790                USART_InitSync
 .text.sl_device_init_dcdc
                0x08002840       0x2c ./gecko_sdk_4.4.2/platform/service/device_init/src/sl_device_init_dcdc_s2.o
                0x08002840                sl_device_init_dcdc
 .text.sl_device_init_emu
                0x0800286c       0x24 ./gecko_sdk_4.4.2/platform/service/device_init/src/sl_device_init_emu_s2.o
                0x0800286c                sl_device_init_emu
 .text.sl_device_init_hfxo
                0x08002890       0x70 ./gecko_sdk_4.4.2/platform/service/device_init/src/sl_device_init_hfxo_s2.o
                0x08002890                sl_device_init_hfxo
 .text.sl_device_init_lfxo
                0x08002900       0x2c ./gecko_sdk_4.4.2/platform/service/device_init/src/sl_device_init_lfxo_s2.o
                0x08002900                sl_device_init_lfxo
 .text.sl_device_init_nvic
                0x0800292c       0x3c ./gecko_sdk_4.4.2/platform/service/device_init/src/sl_device_init_nvic.o
                0x0800292c                sl_device_init_nvic
 .text.sl_iostream_set_default
                0x08002968       0x18 ./gecko_sdk_4.4.2/platform/service/iostream/src/sl_iostream.o
                0x08002968                sl_iostream_set_default
 .text.sl_iostream_get_default
                0x08002980       0x18 ./gecko_sdk_4.4.2/platform/service/iostream/src/sl_iostream.o
                0x08002980                sl_iostream_get_default
 .text._write   0x08002998       0x20 ./gecko_sdk_4.4.2/platform/service/iostream/src/sl_iostream_retarget_stdio.o
                0x08002998                _write
 .text.sl_iostream_stdlib_disable_buffering
                0x080029b8       0x14 ./gecko_sdk_4.4.2/platform/service/iostream/src/sl_iostream_stdlib_config.o
                0x080029b8                sl_iostream_stdlib_disable_buffering
 .text.get_write_ptr
                0x080029cc       0x40 ./gecko_sdk_4.4.2/platform/service/iostream/src/sl_iostream_uart.o
 .text.dma_irq_handler
                0x08002a0c       0x74 ./gecko_sdk_4.4.2/platform/service/iostream/src/sl_iostream_uart.o
 .text.uart_read
                0x08002a80      0x1f4 ./gecko_sdk_4.4.2/platform/service/iostream/src/sl_iostream_uart.o
 .text.uart_deinit
                0x08002c74       0x98 ./gecko_sdk_4.4.2/platform/service/iostream/src/sl_iostream_uart.o
 .text.uart_write
                0x08002d0c       0xc0 ./gecko_sdk_4.4.2/platform/service/iostream/src/sl_iostream_uart.o
 .text.sli_iostream_uart_context_init
                0x08002dcc       0xf8 ./gecko_sdk_4.4.2/platform/service/iostream/src/sl_iostream_uart.o
                0x08002dcc                sli_iostream_uart_context_init
 .text.sl_iostream_usart_init
                0x08002ec4      0x17c ./gecko_sdk_4.4.2/platform/service/iostream/src/sl_iostream_usart.o
                0x08002ec4                sl_iostream_usart_init
 .text.sl_udelay_wait
                0x08003040       0x58 ./gecko_sdk_4.4.2/platform/service/udelay/src/sl_udelay.o
                0x08003040                sl_udelay_wait
 .text.exit     0x08003098       0x24 c:/siliconlabs/simplicitystudio/v5/developer/toolchains/gnu_arm/12.2.rel1_2023.7/bin/../lib/gcc/arm-none-eabi/12.2.1/thumb/v8-m.main+fp/hard\libc_nano.a(libc_a-exit.o)
                0x08003098                exit
 .text.std      0x080030bc       0x6c c:/siliconlabs/simplicitystudio/v5/developer/toolchains/gnu_arm/12.2.rel1_2023.7/bin/../lib/gcc/arm-none-eabi/12.2.1/thumb/v8-m.main+fp/hard\libc_nano.a(libc_a-findfp.o)
 .text.stdio_exit_handler
                0x08003128       0x18 c:/siliconlabs/simplicitystudio/v5/developer/toolchains/gnu_arm/12.2.rel1_2023.7/bin/../lib/gcc/arm-none-eabi/12.2.1/thumb/v8-m.main+fp/hard\libc_nano.a(libc_a-findfp.o)
 .text.cleanup_stdio
                0x08003140       0x40 c:/siliconlabs/simplicitystudio/v5/developer/toolchains/gnu_arm/12.2.rel1_2023.7/bin/../lib/gcc/arm-none-eabi/12.2.1/thumb/v8-m.main+fp/hard\libc_nano.a(libc_a-findfp.o)
 .text.global_stdio_init.part.0
                0x08003180       0x3c c:/siliconlabs/simplicitystudio/v5/developer/toolchains/gnu_arm/12.2.rel1_2023.7/bin/../lib/gcc/arm-none-eabi/12.2.1/thumb/v8-m.main+fp/hard\libc_nano.a(libc_a-findfp.o)
 .text.__sfp_lock_acquire
                0x080031bc        0xc c:/siliconlabs/simplicitystudio/v5/developer/toolchains/gnu_arm/12.2.rel1_2023.7/bin/../lib/gcc/arm-none-eabi/12.2.1/thumb/v8-m.main+fp/hard\libc_nano.a(libc_a-findfp.o)
                0x080031bc                __sfp_lock_acquire
 .text.__sfp_lock_release
                0x080031c8        0xc c:/siliconlabs/simplicitystudio/v5/developer/toolchains/gnu_arm/12.2.rel1_2023.7/bin/../lib/gcc/arm-none-eabi/12.2.1/thumb/v8-m.main+fp/hard\libc_nano.a(libc_a-findfp.o)
                0x080031c8                __sfp_lock_release
 .text.__sinit  0x080031d4       0x30 c:/siliconlabs/simplicitystudio/v5/developer/toolchains/gnu_arm/12.2.rel1_2023.7/bin/../lib/gcc/arm-none-eabi/12.2.1/thumb/v8-m.main+fp/hard\libc_nano.a(libc_a-findfp.o)
                0x080031d4                __sinit
 .text.setvbuf  0x08003204      0x168 c:/siliconlabs/simplicitystudio/v5/developer/toolchains/gnu_arm/12.2.rel1_2023.7/bin/../lib/gcc/arm-none-eabi/12.2.1/thumb/v8-m.main+fp/hard\libc_nano.a(libc_a-setvbuf.o)
                0x08003204                setvbuf
 .text.vprintf  0x0800336c       0x14 c:/siliconlabs/simplicitystudio/v5/developer/toolchains/gnu_arm/12.2.rel1_2023.7/bin/../lib/gcc/arm-none-eabi/12.2.1/thumb/v8-m.main+fp/hard\libc_nano.a(libc_a-vprintf.o)
                0x0800336c                viprintf
                0x0800336c                vprintf
 .text._close_r
                0x08003380       0x20 c:/siliconlabs/simplicitystudio/v5/developer/toolchains/gnu_arm/12.2.rel1_2023.7/bin/../lib/gcc/arm-none-eabi/12.2.1/thumb/v8-m.main+fp/hard\libc_nano.a(libc_a-closer.o)
                0x08003380                _close_r
 .text._lseek_r
                0x080033a0       0x24 c:/siliconlabs/simplicitystudio/v5/developer/toolchains/gnu_arm/12.2.rel1_2023.7/bin/../lib/gcc/arm-none-eabi/12.2.1/thumb/v8-m.main+fp/hard\libc_nano.a(libc_a-lseekr.o)
                0x080033a0                _lseek_r
 .text._read_r  0x080033c4       0x24 c:/siliconlabs/simplicitystudio/v5/developer/toolchains/gnu_arm/12.2.rel1_2023.7/bin/../lib/gcc/arm-none-eabi/12.2.1/thumb/v8-m.main+fp/hard\libc_nano.a(libc_a-readr.o)
                0x080033c4                _read_r
 .text._write_r
                0x080033e8       0x24 c:/siliconlabs/simplicitystudio/v5/developer/toolchains/gnu_arm/12.2.rel1_2023.7/bin/../lib/gcc/arm-none-eabi/12.2.1/thumb/v8-m.main+fp/hard\libc_nano.a(libc_a-writer.o)
                0x080033e8                _write_r
 .text.__libc_init_array
                0x0800340c       0x48 c:/siliconlabs/simplicitystudio/v5/developer/toolchains/gnu_arm/12.2.rel1_2023.7/bin/../lib/gcc/arm-none-eabi/12.2.1/thumb/v8-m.main+fp/hard\libc_nano.a(libc_a-init.o)
                0x0800340c                __libc_init_array
 .text._free_r  0x08003454       0x94 c:/siliconlabs/simplicitystudio/v5/developer/toolchains/gnu_arm/12.2.rel1_2023.7/bin/../lib/gcc/arm-none-eabi/12.2.1/thumb/v8-m.main+fp/hard\libc_nano.a(libc_a-freer.o)
                0x08003454                _free_r
 .text.malloc   0x080034e8       0x10 c:/siliconlabs/simplicitystudio/v5/developer/toolchains/gnu_arm/12.2.rel1_2023.7/bin/../lib/gcc/arm-none-eabi/12.2.1/thumb/v8-m.main+fp/hard\libc_nano.a(libc_a-malloc.o)
                0x080034e8                malloc
 .text.sbrk_aligned
                0x080034f8       0x44 c:/siliconlabs/simplicitystudio/v5/developer/toolchains/gnu_arm/12.2.rel1_2023.7/bin/../lib/gcc/arm-none-eabi/12.2.1/thumb/v8-m.main+fp/hard\libc_nano.a(libc_a-mallocr.o)
 .text._malloc_r
                0x0800353c       0xf0 c:/siliconlabs/simplicitystudio/v5/developer/toolchains/gnu_arm/12.2.rel1_2023.7/bin/../lib/gcc/arm-none-eabi/12.2.1/thumb/v8-m.main+fp/hard\libc_nano.a(libc_a-mallocr.o)
                0x0800353c                _malloc_r
 .text.__malloc_lock
                0x0800362c        0xc c:/siliconlabs/simplicitystudio/v5/developer/toolchains/gnu_arm/12.2.rel1_2023.7/bin/../lib/gcc/arm-none-eabi/12.2.1/thumb/v8-m.main+fp/hard\libc_nano.a(libc_a-mlock.o)
                0x0800362c                __malloc_lock
 .text.__malloc_unlock
                0x08003638        0xc c:/siliconlabs/simplicitystudio/v5/developer/toolchains/gnu_arm/12.2.rel1_2023.7/bin/../lib/gcc/arm-none-eabi/12.2.1/thumb/v8-m.main+fp/hard\libc_nano.a(libc_a-mlock.o)
                0x08003638                __malloc_unlock
 .text._vfprintf_r
                0x08003644      0x230 c:/siliconlabs/simplicitystudio/v5/developer/toolchains/gnu_arm/12.2.rel1_2023.7/bin/../lib/gcc/arm-none-eabi/12.2.1/thumb/v8-m.main+fp/hard\libc_nano.a(libc_a-nano-vfprintf.o)
                0x08003644                _vfprintf_r
                0x08003644                _vfiprintf_r
 .text._printf_i
                0x08003874      0x258 c:/siliconlabs/simplicitystudio/v5/developer/toolchains/gnu_arm/12.2.rel1_2023.7/bin/../lib/gcc/arm-none-eabi/12.2.1/thumb/v8-m.main+fp/hard\libc_nano.a(libc_a-nano-vfprintf_i.o)
                0x08003874                _printf_i
 .text.__swsetup_r
                0x08003acc       0xac c:/siliconlabs/simplicitystudio/v5/developer/toolchains/gnu_arm/12.2.rel1_2023.7/bin/../lib/gcc/arm-none-eabi/12.2.1/thumb/v8-m.main+fp/hard\libc_nano.a(libc_a-wsetup.o)
                0x08003acc                __swsetup_r
 .text._fstat_r
                0x08003b78       0x24 c:/siliconlabs/simplicitystudio/v5/developer/toolchains/gnu_arm/12.2.rel1_2023.7/bin/../lib/gcc/arm-none-eabi/12.2.1/thumb/v8-m.main+fp/hard\libc_nano.a(libc_a-fstatr.o)
                0x08003b78                _fstat_r
 .text._isatty_r
                0x08003b9c       0x20 c:/siliconlabs/simplicitystudio/v5/developer/toolchains/gnu_arm/12.2.rel1_2023.7/bin/../lib/gcc/arm-none-eabi/12.2.1/thumb/v8-m.main+fp/hard\libc_nano.a(libc_a-isattyr.o)
                0x08003b9c                _isatty_r
 .text._sbrk_r  0x08003bbc       0x20 c:/siliconlabs/simplicitystudio/v5/developer/toolchains/gnu_arm/12.2.rel1_2023.7/bin/../lib/gcc/arm-none-eabi/12.2.1/thumb/v8-m.main+fp/hard\libc_nano.a(libc_a-sbrkr.o)
                0x08003bbc                _sbrk_r
 .text.sl_board_default_init
                0x08003bdc        0x4 ./autogen/sl_board_default_init.o
                0x08003bdc                sl_board_default_init
 .text.sl_driver_init
                0x08003be0        0xe ./autogen/sl_event_handler.o
                0x08003be0                sl_driver_init
 .text.sl_service_init
                0x08003bee       0x12 ./autogen/sl_event_handler.o
                0x08003bee                sl_service_init
 .text.sl_stack_init
                0x08003c00        0x2 ./autogen/sl_event_handler.o
                0x08003c00                sl_stack_init
 .text.sl_internal_app_init
                0x08003c02        0x4 ./autogen/sl_event_handler.o
                0x08003c02                sl_internal_app_init
 .text.sl_platform_process_action
                0x08003c06        0x2 ./autogen/sl_event_handler.o
                0x08003c06                sl_platform_process_action
 .text.sl_service_process_action
                0x08003c08        0x2 ./autogen/sl_event_handler.o
                0x08003c08                sl_service_process_action
 .text.sl_stack_process_action
                0x08003c0a        0x2 ./autogen/sl_event_handler.o
                0x08003c0a                sl_stack_process_action
 .text.sl_internal_app_process_action
                0x08003c0c        0x2 ./autogen/sl_event_handler.o
                0x08003c0c                sl_internal_app_process_action
 .text.USART0_TX_IRQHandler
                0x08003c0e        0x4 ./autogen/sl_iostream_init_usart_instances.o
                0x08003c0e                USART0_TX_IRQHandler
 .text._app_log_time
                0x08003c12        0x2 ./gecko_sdk_4.4.2/app/common/util/app_log/app_log.o
                0x08003c12                _app_log_time
 .text._app_log_counter
                0x08003c14        0x2 ./gecko_sdk_4.4.2/app/common/util/app_log/app_log.o
                0x08003c14                _app_log_counter
 .text.sl_board_configure_vcom
                0x08003c16        0x4 ./gecko_sdk_4.4.2/hardware/board/src/sl_board_control_gpio.o
                0x08003c16                sl_board_configure_vcom
 .text.sl_board_disable_vcom
                0x08003c1a       0x12 ./gecko_sdk_4.4.2/hardware/board/src/sl_board_control_gpio.o
                0x08003c1a                sl_board_disable_vcom
 .text.sl_board_init
                0x08003c2c       0x16 ./gecko_sdk_4.4.2/hardware/board/src/sl_board_init.o
                0x08003c2c                sl_board_init
 .text.sl_board_preinit
                0x08003c42        0x8 ./gecko_sdk_4.4.2/hardware/board/src/sl_board_init.o
                0x08003c42                sl_board_preinit
 .text.sli_cos_swo_itm_8_write.constprop.0.isra.0
                0x08003c4a       0x78 ./gecko_sdk_4.4.2/hardware/driver/configuration_over_swo/src/sl_cos.o
 .text.sl_cos_send_config
                0x08003cc2       0x12 ./gecko_sdk_4.4.2/hardware/driver/configuration_over_swo/src/sl_cos.o
                0x08003cc2                sl_cos_send_config
 .text.sl_cos_config_vcom
                0x08003cd4       0x1e ./gecko_sdk_4.4.2/hardware/driver/configuration_over_swo/src/sl_cos.o
                0x08003cd4                sl_cos_config_vcom
 .text.Default_Handler
                0x08003cf2        0x2 ./gecko_sdk_4.4.2/platform/Device/SiliconLabs/EFR32MG24/Source/startup_efr32mg24.o
                0x08003cf2                ULFRCO_IRQHandler
                0x08003cf2                AHB2AHB1_IRQHandler
                0x08003cf2                SW2_IRQHandler
                0x08003cf2                TIMER2_IRQHandler
                0x08003cf2                DebugMon_Handler
                0x08003cf2                IADC_IRQHandler
                0x08003cf2                EUSART0_TX_IRQHandler
                0x08003cf2                I2C0_IRQHandler
                0x08003cf2                LFXO_IRQHandler
                0x08003cf2                HardFault_Handler
                0x08003cf2                SMU_SECURE_IRQHandler
                0x08003cf2                SysTick_Handler
                0x08003cf2                SYSRTC_SEQ_IRQHandler
                0x08003cf2                EMUEFP_IRQHandler
                0x08003cf2                PendSV_Handler
                0x08003cf2                NMI_Handler
                0x08003cf2                SYNTH_IRQHandler
                0x08003cf2                HOSTMAILBOX_IRQHandler
                0x08003cf2                HFXO0_IRQHandler
                0x08003cf2                I2C1_IRQHandler
                0x08003cf2                WDOG0_IRQHandler
                0x08003cf2                TIMER3_IRQHandler
                0x08003cf2                SYSCFG_IRQHandler
                0x08003cf2                RFECA1_IRQHandler
                0x08003cf2                EMUDG_IRQHandler
                0x08003cf2                MSC_IRQHandler
                0x08003cf2                DPLL0_IRQHandler
                0x08003cf2                UsageFault_Handler
                0x08003cf2                WDOG1_IRQHandler
                0x08003cf2                M33CTI1_IRQHandler
                0x08003cf2                TIMER4_IRQHandler
                0x08003cf2                GPIO_EVEN_IRQHandler
                0x08003cf2                VDAC0_IRQHandler
                0x08003cf2                SEMBTX_IRQHandler
                0x08003cf2                SW0_IRQHandler
                0x08003cf2                TIMER0_IRQHandler
                0x08003cf2                MVP_IRQHandler
                0x08003cf2                LETIMER0_IRQHandler
                0x08003cf2                EUSART1_RX_IRQHandler
                0x08003cf2                TIMER1_IRQHandler
                0x08003cf2                HFRCO0_IRQHandler
                0x08003cf2                SecureFault_Handler
                0x08003cf2                BUFC_IRQHandler
                0x08003cf2                DCDC_IRQHandler
                0x08003cf2                MODEM_IRQHandler
                0x08003cf2                Default_Handler
                0x08003cf2                RAC_SEQ_IRQHandler
                0x08003cf2                FRC_PRI_IRQHandler
                0x08003cf2                EMU_IRQHandler
                0x08003cf2                SW3_IRQHandler
                0x08003cf2                KERNEL0_IRQHandler
                0x08003cf2                FRC_IRQHandler
                0x08003cf2                PCNT0_IRQHandler
                0x08003cf2                KERNEL1_IRQHandler
                0x08003cf2                AGC_IRQHandler
                0x08003cf2                EUSART1_TX_IRQHandler
                0x08003cf2                KEYSCAN_IRQHandler
                0x08003cf2                sl_app_properties
                0x08003cf2                HFRCOEM23_IRQHandler
                0x08003cf2                BURTC_IRQHandler
                0x08003cf2                SEMBRX_IRQHandler
                0x08003cf2                RFECA0_IRQHandler
                0x08003cf2                LFRCO_IRQHandler
                0x08003cf2                VDAC1_IRQHandler
                0x08003cf2                ACMP0_IRQHandler
                0x08003cf2                MemManage_Handler
                0x08003cf2                AHB2AHB0_IRQHandler
                0x08003cf2                SVC_Handler
                0x08003cf2                SMU_S_PRIVILEGED_IRQHandler
                0x08003cf2                SW1_IRQHandler
                0x08003cf2                CMU_IRQHandler
                0x08003cf2                EUSART0_RX_IRQHandler
                0x08003cf2                RAC_RSM_IRQHandler
                0x08003cf2                SETAMPERHOST_IRQHandler
                0x08003cf2                GPIO_ODD_IRQHandler
                0x08003cf2                AES_IRQHandler
                0x08003cf2                M33CTI0_IRQHandler
                0x08003cf2                ICACHE0_IRQHandler
                0x08003cf2                SMU_NS_PRIVILEGED_IRQHandler
                0x08003cf2                FPUEXH_IRQHandler
                0x08003cf2                PROTIMER_IRQHandler
                0x08003cf2                ACMP1_IRQHandler
                0x08003cf2                BusFault_Handler
                0x08003cf2                MPAHBRAM_IRQHandler
                0x08003cf2                SYSRTC_APP_IRQHandler
 .text.FlashToRamCopy
                0x08003cf4       0x16 ./gecko_sdk_4.4.2/platform/Device/SiliconLabs/EFR32MG24/Source/system_efr32mg24.o
                0x08003cf4                FlashToRamCopy
 .text.SystemCLKIN0Get
                0x08003d0a        0x4 ./gecko_sdk_4.4.2/platform/Device/SiliconLabs/EFR32MG24/Source/system_efr32mg24.o
                0x08003d0a                SystemCLKIN0Get
 .text.SystemLFRCOClockGet
                0x08003d0e        0x6 ./gecko_sdk_4.4.2/platform/Device/SiliconLabs/EFR32MG24/Source/system_efr32mg24.o
                0x08003d0e                SystemLFRCOClockGet
 .text.SystemULFRCOClockGet
                0x08003d14        0x6 ./gecko_sdk_4.4.2/platform/Device/SiliconLabs/EFR32MG24/Source/system_efr32mg24.o
                0x08003d14                SystemULFRCOClockGet
 .text.assertEFM
                0x08003d1a        0x2 ./gecko_sdk_4.4.2/platform/common/src/sl_assert.o
                0x08003d1a                assertEFM
 .text.sl_debug_swo_enable_itm
                0x08003d1c       0x16 ./gecko_sdk_4.4.2/platform/driver/debug/src/sl_debug_swo.o
                0x08003d1c                sl_debug_swo_enable_itm
 .text.sl_debug_swo_disable_itm
                0x08003d32       0x18 ./gecko_sdk_4.4.2/platform/driver/debug/src/sl_debug_swo.o
                0x08003d32                sl_debug_swo_disable_itm
 .text.DMADRV_PeripheralMemory
                0x08003d4a       0x34 ./gecko_sdk_4.4.2/platform/emdrv/dmadrv/src/dmadrv.o
                0x08003d4a                DMADRV_PeripheralMemory
 .text.BUS_RegMaskedWrite
                0x08003d7e       0x1e ./gecko_sdk_4.4.2/platform/emlib/src/em_cmu.o
 .text.waitStateMax
                0x08003d9c       0x10 ./gecko_sdk_4.4.2/platform/emlib/src/em_cmu.o
 .text.CMU_UpdateWaitStates
                0x08003dac        0xc ./gecko_sdk_4.4.2/platform/emlib/src/em_cmu.o
                0x08003dac                CMU_UpdateWaitStates
 .text.pclkDivMax
                0x08003db8        0xa ./gecko_sdk_4.4.2/platform/emlib/src/em_cmu.o
 .text.sli_em_cmu_SYSCLKInitPostClockSelect
                0x08003dc2       0x2a ./gecko_sdk_4.4.2/platform/emlib/src/em_cmu.o
                0x08003dc2                sli_em_cmu_SYSCLKInitPostClockSelect
 .text.CORE_EnterCritical
                0x08003dec        0x8 ./gecko_sdk_4.4.2/platform/emlib/src/em_core.o
                0x08003dec                CORE_EnterCritical
 .text.CORE_ExitCritical
                0x08003df4        0x6 ./gecko_sdk_4.4.2/platform/emlib/src/em_core.o
                0x08003df4                CORE_ExitCritical
 .text.CORE_EnterAtomic
                0x08003dfa        0xc ./gecko_sdk_4.4.2/platform/emlib/src/em_core.o
                0x08003dfa                CORE_EnterAtomic
 .text.CORE_ExitAtomic
                0x08003e06        0x6 ./gecko_sdk_4.4.2/platform/emlib/src/em_core.o
                0x08003e06                CORE_ExitAtomic
 .text.EMU_EFPEM01VScale
                0x08003e0c        0x2 ./gecko_sdk_4.4.2/platform/emlib/src/em_emu.o
                0x08003e0c                EMU_EFPEM01VScale
 .text.EMU_DCDCUpdatedHook
                0x08003e0e        0x2 ./gecko_sdk_4.4.2/platform/emlib/src/em_emu.o
                0x08003e0e                EMU_DCDCUpdatedHook
 .text.BUS_RegMaskedWrite
                0x08003e10       0x1e ./gecko_sdk_4.4.2/platform/emlib/src/em_gpio.o
 .text.GPIO_DbgLocationSet
                0x08003e2e        0x2 ./gecko_sdk_4.4.2/platform/emlib/src/em_gpio.o
                0x08003e2e                GPIO_DbgLocationSet
 .text.USART_SpiTransfer
                0x08003e30       0x14 ./gecko_sdk_4.4.2/platform/emlib/src/em_usart.o
                0x08003e30                USART_SpiTransfer
 .text.USART_Tx
                0x08003e44        0xa ./gecko_sdk_4.4.2/platform/emlib/src/em_usart.o
                0x08003e44                USART_Tx
 .text.sl_iostream_write
                0x08003e4e       0x22 ./gecko_sdk_4.4.2/platform/service/iostream/src/sl_iostream.o
                0x08003e4e                sl_iostream_write
 .text.sl_iostream_read
                0x08003e70       0x30 ./gecko_sdk_4.4.2/platform/service/iostream/src/sl_iostream.o
                0x08003e70                sl_iostream_read
 .text.sl_iostream_vprintf
                0x08003ea0       0x44 ./gecko_sdk_4.4.2/platform/service/iostream/src/sl_iostream.o
                0x08003ea0                sl_iostream_vprintf
 .text.sl_iostream_printf
                0x08003ee4       0x1a ./gecko_sdk_4.4.2/platform/service/iostream/src/sl_iostream.o
                0x08003ee4                sl_iostream_printf
 .text._close   0x08003efe        0x4 ./gecko_sdk_4.4.2/platform/service/iostream/src/sl_iostream_retarget_stdio.o
                0x08003efe                _close
 .text._exit    0x08003f02        0x2 ./gecko_sdk_4.4.2/platform/service/iostream/src/sl_iostream_retarget_stdio.o
                0x08003f02                _exit
 .text._fstat   0x08003f04        0xa ./gecko_sdk_4.4.2/platform/service/iostream/src/sl_iostream_retarget_stdio.o
                0x08003f04                _fstat
 .text._isatty  0x08003f0e        0x4 ./gecko_sdk_4.4.2/platform/service/iostream/src/sl_iostream_retarget_stdio.o
                0x08003f0e                _isatty
 .text._lseek   0x08003f12        0x4 ./gecko_sdk_4.4.2/platform/service/iostream/src/sl_iostream_retarget_stdio.o
                0x08003f12                _lseek
 .text._read    0x08003f16       0x1c ./gecko_sdk_4.4.2/platform/service/iostream/src/sl_iostream_retarget_stdio.o
                0x08003f16                _read
 .text.set_auto_cr_lf
                0x08003f32        0x6 ./gecko_sdk_4.4.2/platform/service/iostream/src/sl_iostream_uart.o
 .text.get_auto_cr_lf
                0x08003f38        0x6 ./gecko_sdk_4.4.2/platform/service/iostream/src/sl_iostream_uart.o
 .text.usart_set_next_byte_detect
                0x08003f3e        0xc ./gecko_sdk_4.4.2/platform/service/iostream/src/sl_iostream_usart.o
 .text.usart_deinit
                0x08003f4a       0x78 ./gecko_sdk_4.4.2/platform/service/iostream/src/sl_iostream_usart.o
 .text.usart_tx
                0x08003fc2        0xc ./gecko_sdk_4.4.2/platform/service/iostream/src/sl_iostream_usart.o
 .text.sl_iostream_usart_irq_handler
                0x08003fce       0x70 ./gecko_sdk_4.4.2/platform/service/iostream/src/sl_iostream_usart.o
                0x08003fce                sl_iostream_usart_irq_handler
 .text.sl_system_init
                0x0800403e       0x1a ./gecko_sdk_4.4.2/platform/service/system/src/sl_system_init.o
                0x0800403e                sl_system_init
 .text.sl_system_process_action
                0x08004058       0x16 ./gecko_sdk_4.4.2/platform/service/system/src/sl_system_process_action.o
                0x08004058                sl_system_process_action
 .text._fwalk_sglue
                0x0800406e       0x3c c:/siliconlabs/simplicitystudio/v5/developer/toolchains/gnu_arm/12.2.rel1_2023.7/bin/../lib/gcc/arm-none-eabi/12.2.1/thumb/v8-m.main+fp/hard\libc_nano.a(libc_a-fwalk.o)
                0x0800406e                _fwalk_sglue
 .text.__sread  0x080040aa       0x22 c:/siliconlabs/simplicitystudio/v5/developer/toolchains/gnu_arm/12.2.rel1_2023.7/bin/../lib/gcc/arm-none-eabi/12.2.1/thumb/v8-m.main+fp/hard\libc_nano.a(libc_a-stdio.o)
                0x080040aa                __sread
 .text.__swrite
                0x080040cc       0x38 c:/siliconlabs/simplicitystudio/v5/developer/toolchains/gnu_arm/12.2.rel1_2023.7/bin/../lib/gcc/arm-none-eabi/12.2.1/thumb/v8-m.main+fp/hard\libc_nano.a(libc_a-stdio.o)
                0x080040cc                __swrite
 .text.__sseek  0x08004104       0x24 c:/siliconlabs/simplicitystudio/v5/developer/toolchains/gnu_arm/12.2.rel1_2023.7/bin/../lib/gcc/arm-none-eabi/12.2.1/thumb/v8-m.main+fp/hard\libc_nano.a(libc_a-stdio.o)
                0x08004104                __sseek
 .text.__sclose
                0x08004128        0x8 c:/siliconlabs/simplicitystudio/v5/developer/toolchains/gnu_arm/12.2.rel1_2023.7/bin/../lib/gcc/arm-none-eabi/12.2.1/thumb/v8-m.main+fp/hard\libc_nano.a(libc_a-stdio.o)
                0x08004128                __sclose
 .text.memset   0x08004130       0x10 c:/siliconlabs/simplicitystudio/v5/developer/toolchains/gnu_arm/12.2.rel1_2023.7/bin/../lib/gcc/arm-none-eabi/12.2.1/thumb/v8-m.main+fp/hard\libc_nano.a(libc_a-memset.o)
                0x08004130                memset
 .text.__retarget_lock_init_recursive
                0x08004140        0x2 c:/siliconlabs/simplicitystudio/v5/developer/toolchains/gnu_arm/12.2.rel1_2023.7/bin/../lib/gcc/arm-none-eabi/12.2.1/thumb/v8-m.main+fp/hard\libc_nano.a(libc_a-lock.o)
                0x08004140                __retarget_lock_init_recursive
 .text.__retarget_lock_acquire_recursive
                0x08004142        0x2 c:/siliconlabs/simplicitystudio/v5/developer/toolchains/gnu_arm/12.2.rel1_2023.7/bin/../lib/gcc/arm-none-eabi/12.2.1/thumb/v8-m.main+fp/hard\libc_nano.a(libc_a-lock.o)
                0x08004142                __retarget_lock_acquire_recursive
 .text.__retarget_lock_release_recursive
                0x08004144        0x2 c:/siliconlabs/simplicitystudio/v5/developer/toolchains/gnu_arm/12.2.rel1_2023.7/bin/../lib/gcc/arm-none-eabi/12.2.1/thumb/v8-m.main+fp/hard\libc_nano.a(libc_a-lock.o)
                0x08004144                __retarget_lock_release_recursive
 .text.memcpy   0x08004146       0x1a c:/siliconlabs/simplicitystudio/v5/developer/toolchains/gnu_arm/12.2.rel1_2023.7/bin/../lib/gcc/arm-none-eabi/12.2.1/thumb/v8-m.main+fp/hard\libc_nano.a(libc_a-memcpy-stub.o)
                0x08004146                memcpy
 .text.__sfputc_r
                0x08004160       0x2e c:/siliconlabs/simplicitystudio/v5/developer/toolchains/gnu_arm/12.2.rel1_2023.7/bin/../lib/gcc/arm-none-eabi/12.2.1/thumb/v8-m.main+fp/hard\libc_nano.a(libc_a-nano-vfprintf.o)
 .text.__sfputs_r
                0x0800418e       0x24 c:/siliconlabs/simplicitystudio/v5/developer/toolchains/gnu_arm/12.2.rel1_2023.7/bin/../lib/gcc/arm-none-eabi/12.2.1/thumb/v8-m.main+fp/hard\libc_nano.a(libc_a-nano-vfprintf.o)
                0x0800418e                __sfputs_r
 .text._printf_common
                0x080041b2       0xe4 c:/siliconlabs/simplicitystudio/v5/developer/toolchains/gnu_arm/12.2.rel1_2023.7/bin/../lib/gcc/arm-none-eabi/12.2.1/thumb/v8-m.main+fp/hard\libc_nano.a(libc_a-nano-vfprintf_i.o)
                0x080041b2                _printf_common
 .text.__sflush_r
                0x08004296      0x106 c:/siliconlabs/simplicitystudio/v5/developer/toolchains/gnu_arm/12.2.rel1_2023.7/bin/../lib/gcc/arm-none-eabi/12.2.1/thumb/v8-m.main+fp/hard\libc_nano.a(libc_a-fflush.o)
                0x08004296                __sflush_r
 .text._fflush_r
                0x0800439c       0x50 c:/siliconlabs/simplicitystudio/v5/developer/toolchains/gnu_arm/12.2.rel1_2023.7/bin/../lib/gcc/arm-none-eabi/12.2.1/thumb/v8-m.main+fp/hard\libc_nano.a(libc_a-fflush.o)
                0x0800439c                _fflush_r
 .text.__swhatbuf_r
                0x080043ec       0x4a c:/siliconlabs/simplicitystudio/v5/developer/toolchains/gnu_arm/12.2.rel1_2023.7/bin/../lib/gcc/arm-none-eabi/12.2.1/thumb/v8-m.main+fp/hard\libc_nano.a(libc_a-makebuf.o)
                0x080043ec                __swhatbuf_r
 .text.__smakebuf_r
                0x08004436       0x78 c:/siliconlabs/simplicitystudio/v5/developer/toolchains/gnu_arm/12.2.rel1_2023.7/bin/../lib/gcc/arm-none-eabi/12.2.1/thumb/v8-m.main+fp/hard\libc_nano.a(libc_a-makebuf.o)
                0x08004436                __smakebuf_r
 .text.__swbuf_r
                0x080044ae       0x7c c:/siliconlabs/simplicitystudio/v5/developer/toolchains/gnu_arm/12.2.rel1_2023.7/bin/../lib/gcc/arm-none-eabi/12.2.1/thumb/v8-m.main+fp/hard\libc_nano.a(libc_a-wbuf.o)
                0x080044ae                __swbuf_r
 .text.memchr   0x0800452a       0x1c c:/siliconlabs/simplicitystudio/v5/developer/toolchains/gnu_arm/12.2.rel1_2023.7/bin/../lib/gcc/arm-none-eabi/12.2.1/thumb/v8-m.main+fp/hard\libc_nano.a(libc_a-memchr-stub.o)
                0x0800452a                memchr
                0x08004560                . = ALIGN (0x20)
 *fill*         0x08004546       0x1a 
                0x08004560                linker_code_end = .
 *(.init)
 .init          0x08004560        0x4 c:/siliconlabs/simplicitystudio/v5/developer/toolchains/gnu_arm/12.2.rel1_2023.7/bin/../lib/gcc/arm-none-eabi/12.2.1/thumb/v8-m.main+fp/hard/crti.o
                0x08004560                _init
 .init          0x08004564        0x8 c:/siliconlabs/simplicitystudio/v5/developer/toolchains/gnu_arm/12.2.rel1_2023.7/bin/../lib/gcc/arm-none-eabi/12.2.1/thumb/v8-m.main+fp/hard/crtn.o
 *(.fini)
 .fini          0x0800456c        0x4 c:/siliconlabs/simplicitystudio/v5/developer/toolchains/gnu_arm/12.2.rel1_2023.7/bin/../lib/gcc/arm-none-eabi/12.2.1/thumb/v8-m.main+fp/hard/crti.o
                0x0800456c                _fini
 .fini          0x08004570        0x8 c:/siliconlabs/simplicitystudio/v5/developer/toolchains/gnu_arm/12.2.rel1_2023.7/bin/../lib/gcc/arm-none-eabi/12.2.1/thumb/v8-m.main+fp/hard/crtn.o
 *crtbegin.o(.ctors)
 *crtbegin?.o(.ctors)
 *(EXCLUDE_FILE(*crtend.o *crtend?.o) .ctors)
 *(SORT_BY_NAME(.ctors.*))
 *(.ctors)
 *crtbegin.o(.dtors)
 *crtbegin?.o(.dtors)
 *(EXCLUDE_FILE(*crtend.o *crtend?.o) .dtors)
 *(SORT_BY_NAME(.dtors.*))
 *(.dtors)
                0x08004578                __code_classification_validator_start__ = .
                0x08004598                . = (. + 0x20)
 *fill*         0x08004578       0x20 
 *(code_classification_validator)
                0x080045a0                . = ALIGN (0x20)
 *fill*         0x08004598        0x8 
                0x080045a0                __code_classification_validator_end__ = .
 *(.rodata*)
 .rodata.sl_iostream_usart_init_vcom.str1.1
                0x080045a0       0x2e ./autogen/sl_iostream_init_usart_instances.o
 *fill*         0x080045ce        0x2 
 .rodata        0x080045d0       0x1c ./autogen/sl_iostream_init_usart_instances.o
 .rodata.main.str1.1
                0x080045ec       0x24 ./main.o
 .rodata        0x08004610       0x1c ./gecko_sdk_4.4.2/hardware/driver/mx25_flash_shutdown/src/sl_mx25_flash_shutdown_usart/sl_mx25_flash_shutdown.o
 .rodata        0x0800462c        0x4 ./gecko_sdk_4.4.2/platform/emdrv/dmadrv/src/dmadrv.o
 .rodata.HFRCODPLLDevinfoGet.str1.1
                0x08004630       0x4d ./gecko_sdk_4.4.2/platform/emlib/src/em_cmu.o
 .rodata.EMU_VScaleEM01.str1.1
                0x0800467d       0x4d ./gecko_sdk_4.4.2/platform/emlib/src/em_emu.o
 .rodata.GPIO_PinOutSet.str1.1
                0x080046ca       0x4e ./gecko_sdk_4.4.2/platform/emlib/src/em_gpio.o
 .rodata.GPIO_ExtIntConfig.str1.1
                0x08004718       0x4e ./gecko_sdk_4.4.2/platform/emlib/src/em_gpio.o
 .rodata.CSWTCH.31
                0x08004766        0x8 ./gecko_sdk_4.4.2/platform/emlib/src/em_gpio.o
 .rodata.LDMA_EnableChannelRequest.str1.1
                0x0800476e       0x9b ./gecko_sdk_4.4.2/platform/emlib/src/em_ldma.o
 .rodata.USART_BaudrateAsyncSet.str1.1
                0x08004809       0x4f ./gecko_sdk_4.4.2/platform/emlib/src/em_usart.o
 .rodata        0x08004858        0x7 ./gecko_sdk_4.4.2/platform/service/device_init/src/sl_device_init_dcdc_s2.o
 *fill*         0x0800485f        0x1 
 .rodata        0x08004860       0x28 ./gecko_sdk_4.4.2/platform/service/device_init/src/sl_device_init_hfxo_s2.o
 .rodata        0x08004888       0x14 ./gecko_sdk_4.4.2/platform/service/device_init/src/sl_device_init_lfxo_s2.o
 .rodata._write.str1.1
                0x0800489c       0x6c ./gecko_sdk_4.4.2/platform/service/iostream/src/sl_iostream_retarget_stdio.o
 .rodata.get_write_ptr.str1.1
                0x08004908       0x62 ./gecko_sdk_4.4.2/platform/service/iostream/src/sl_iostream_uart.o
 .rodata.sl_udelay_wait.str1.1
                0x0800496a       0x59 ./gecko_sdk_4.4.2/platform/service/udelay/src/sl_udelay.o
 .rodata._vfprintf_r.str1.1
                0x080049c3       0x11 c:/siliconlabs/simplicitystudio/v5/developer/toolchains/gnu_arm/12.2.rel1_2023.7/bin/../lib/gcc/arm-none-eabi/12.2.1/thumb/v8-m.main+fp/hard\libc_nano.a(libc_a-nano-vfprintf.o)
 .rodata._printf_i.str1.1
                0x080049d4       0x22 c:/siliconlabs/simplicitystudio/v5/developer/toolchains/gnu_arm/12.2.rel1_2023.7/bin/../lib/gcc/arm-none-eabi/12.2.1/thumb/v8-m.main+fp/hard\libc_nano.a(libc_a-nano-vfprintf_i.o)
 *(.eh_frame*)
 *fill*         0x080049f6        0x2 
 .eh_frame      0x080049f8        0x0 c:/siliconlabs/simplicitystudio/v5/developer/toolchains/gnu_arm/12.2.rel1_2023.7/bin/../lib/gcc/arm-none-eabi/12.2.1/thumb/v8-m.main+fp/hard/crtbegin.o

.glue_7         0x080049f8        0x0
 .glue_7        0x080049f8        0x0 linker stubs

.glue_7t        0x080049f8        0x0
 .glue_7t       0x080049f8        0x0 linker stubs

.vfp11_veneer   0x080049f8        0x0
 .vfp11_veneer  0x080049f8        0x0 linker stubs

.v4_bx          0x080049f8        0x0
 .v4_bx         0x080049f8        0x0 linker stubs

.iplt           0x080049f8        0x0
 .iplt          0x080049f8        0x0 c:/siliconlabs/simplicitystudio/v5/developer/toolchains/gnu_arm/12.2.rel1_2023.7/bin/../lib/gcc/arm-none-eabi/12.2.1/thumb/v8-m.main+fp/hard/crtbegin.o

.ARM.extab
 *(.ARM.extab* .gnu.linkonce.armextab.*)
                0x080049f8                __exidx_start = .

.ARM.exidx      0x080049f8        0x8
 *(.ARM.exidx* .gnu.linkonce.armexidx.*)
 .ARM.exidx     0x080049f8        0x8 c:/siliconlabs/simplicitystudio/v5/developer/toolchains/gnu_arm/12.2.rel1_2023.7/bin/../lib/gcc/arm-none-eabi/12.2.1/thumb/v8-m.main+fp/hard/crt0.o
                                 0x10 (size before relaxing)
                0x08004a00                __exidx_end = .

.rel.dyn        0x08004a00        0x0
 .rel.iplt      0x08004a00        0x0 c:/siliconlabs/simplicitystudio/v5/developer/toolchains/gnu_arm/12.2.rel1_2023.7/bin/../lib/gcc/arm-none-eabi/12.2.1/thumb/v8-m.main+fp/hard/crtbegin.o

.copy.table     0x08004a00        0xc
                0x08004a00                . = ALIGN (0x4)
                0x08004a00                __copy_table_start__ = .
                0x08004a00        0x4 LONG 0x8004a0c __etext
                0x08004a04        0x4 LONG 0x20001000 __data_start__
                0x08004a08        0x4 LONG 0x20 ((__data_end__ - __data_start__) / 0x4)
                0x08004a0c                __copy_table_end__ = .

.zero.table     0x08004a0c        0x0
                0x08004a0c                . = ALIGN (0x4)
                0x08004a0c                __zero_table_start__ = .
                0x08004a0c                __zero_table_end__ = .
                0x08004a0c                __etext = .
                0x20000000                . = ORIGIN (RAM)

.stack          0x20000000     0x1000
                0x20000000                __StackLimit = .
 *(.stack*)
 .stack         0x20000000     0x1000 ./gecko_sdk_4.4.2/platform/common/toolchain/src/sl_memory.o
                0x20001000                . = ALIGN (0x4)
                0x20001000                __StackTop = .
                0x20001000                PROVIDE (__stack = __StackTop)

.noinit
 *(.noinit*)

.data           0x20001000       0x80 load address 0x08004a0c
                0x20001000                . = ALIGN (0x4)
                0x20001000                __data_start__ = .
 *(vtable)
 *(SORT_BY_ALIGNMENT(.data*))
 .data.SystemCoreClock
                0x20001000        0x4 ./gecko_sdk_4.4.2/platform/Device/SiliconLabs/EFR32MG24/Source/system_efr32mg24.o
                0x20001000                SystemCoreClock
 .data.SystemHFRCODPLLClock
                0x20001004        0x4 ./gecko_sdk_4.4.2/platform/Device/SiliconLabs/EFR32MG24/Source/system_efr32mg24.o
 .data.SystemLFXOClock
                0x20001008        0x4 ./gecko_sdk_4.4.2/platform/Device/SiliconLabs/EFR32MG24/Source/system_efr32mg24.o
 .data.SystemHFXOClock
                0x2000100c        0x4 ./gecko_sdk_4.4.2/platform/Device/SiliconLabs/EFR32MG24/Source/system_efr32mg24.o
 .data.heap_end.0
                0x20001010        0x4 ./gecko_sdk_4.4.2/platform/common/toolchain/src/sl_memory.o
 .data.__sglue  0x20001014        0xc c:/siliconlabs/simplicitystudio/v5/developer/toolchains/gnu_arm/12.2.rel1_2023.7/bin/../lib/gcc/arm-none-eabi/12.2.1/thumb/v8-m.main+fp/hard\libc_nano.a(libc_a-findfp.o)
                0x20001014                __sglue
 .data._impure_ptr
                0x20001020        0x4 c:/siliconlabs/simplicitystudio/v5/developer/toolchains/gnu_arm/12.2.rel1_2023.7/bin/../lib/gcc/arm-none-eabi/12.2.1/thumb/v8-m.main+fp/hard\libc_nano.a(libc_a-impure.o)
                0x20001020                _impure_ptr
 .data._impure_data
                0x20001024       0x4c c:/siliconlabs/simplicitystudio/v5/developer/toolchains/gnu_arm/12.2.rel1_2023.7/bin/../lib/gcc/arm-none-eabi/12.2.1/thumb/v8-m.main+fp/hard\libc_nano.a(libc_a-impure.o)
                0x20001024                _impure_data
 .data.hfxo_precision
                0x20001070        0x2 ./gecko_sdk_4.4.2/platform/emlib/src/em_cmu.o
 .data.lfxo_precision
                0x20001072        0x2 ./gecko_sdk_4.4.2/platform/emlib/src/em_cmu.o
 .data.level_mask
                0x20001074        0x1 ./gecko_sdk_4.4.2/app/common/util/app_log/app_log.o
 .data.level_filter_threshold
                0x20001075        0x1 ./gecko_sdk_4.4.2/app/common/util/app_log/app_log.o
 .data.level_filter_enabled
                0x20001076        0x1 ./gecko_sdk_4.4.2/app/common/util/app_log/app_log.o
 .data.ctuneDelta
                0x20001077        0x1 ./gecko_sdk_4.4.2/platform/emlib/src/em_cmu.o
                0x20001078                . = ALIGN (0x4)
                [!provide]                PROVIDE (__ram_func_section_start = .)
 *(.ram)
                [!provide]                PROVIDE (__ram_func_section_end = .)
                0x20001078                . = ALIGN (0x4)
                0x20001078                PROVIDE (__preinit_array_start = .)
 *(.preinit_array)
                0x20001078                PROVIDE (__preinit_array_end = .)
                0x20001078                . = ALIGN (0x4)
                0x20001078                PROVIDE (__init_array_start = .)
 *(SORT_BY_NAME(.init_array.*))
 *(.init_array)
 .init_array    0x20001078        0x4 c:/siliconlabs/simplicitystudio/v5/developer/toolchains/gnu_arm/12.2.rel1_2023.7/bin/../lib/gcc/arm-none-eabi/12.2.1/thumb/v8-m.main+fp/hard/crtbegin.o
                0x2000107c                PROVIDE (__init_array_end = .)
                0x2000107c                . = ALIGN (0x4)
                [!provide]                PROVIDE (__fini_array_start = .)
 *(SORT_BY_NAME(.fini_array.*))
 *(.fini_array)
 .fini_array    0x2000107c        0x4 c:/siliconlabs/simplicitystudio/v5/developer/toolchains/gnu_arm/12.2.rel1_2023.7/bin/../lib/gcc/arm-none-eabi/12.2.1/thumb/v8-m.main+fp/hard/crtbegin.o
                [!provide]                PROVIDE (__fini_array_end = .)
                0x20001080                . = ALIGN (0x4)
                0x20001080                __data_end__ = .

.tm_clone_table
                0x20001080        0x0 load address 0x08004a8c
 .tm_clone_table
                0x20001080        0x0 c:/siliconlabs/simplicitystudio/v5/developer/toolchains/gnu_arm/12.2.rel1_2023.7/bin/../lib/gcc/arm-none-eabi/12.2.1/thumb/v8-m.main+fp/hard/crtbegin.o
 .tm_clone_table
                0x20001080        0x0 c:/siliconlabs/simplicitystudio/v5/developer/toolchains/gnu_arm/12.2.rel1_2023.7/bin/../lib/gcc/arm-none-eabi/12.2.1/thumb/v8-m.main+fp/hard/crtend.o

.igot.plt       0x20001080        0x0 load address 0x08004a8c
 .igot.plt      0x20001080        0x0 c:/siliconlabs/simplicitystudio/v5/developer/toolchains/gnu_arm/12.2.rel1_2023.7/bin/../lib/gcc/arm-none-eabi/12.2.1/thumb/v8-m.main+fp/hard/crtbegin.o

.bss            0x20001080      0x374 load address 0x08004a8c
                0x20001080                . = ALIGN (0x4)
                0x20001080                __bss_start__ = .
 *(SORT_BY_ALIGNMENT(.bss*))
 .bss.object.0  0x20001080       0x18 c:/siliconlabs/simplicitystudio/v5/developer/toolchains/gnu_arm/12.2.rel1_2023.7/bin/../lib/gcc/arm-none-eabi/12.2.1/thumb/v8-m.main+fp/hard/crtbegin.o
 .bss.context_vcom
                0x20001098       0x4c ./autogen/sl_iostream_init_usart_instances.o
 .bss.sl_iostream_vcom
                0x200010e4       0x18 ./autogen/sl_iostream_init_usart_instances.o
 .bss.app_log_iostream
                0x200010fc        0x4 ./gecko_sdk_4.4.2/app/common/util/app_log/app_log.o
                0x200010fc                app_log_iostream
 .bss.dmaXfer   0x20001100      0x100 ./gecko_sdk_4.4.2/platform/emdrv/dmadrv/src/dmadrv.o
 .bss.chTable   0x20001200       0x80 ./gecko_sdk_4.4.2/platform/emdrv/dmadrv/src/dmadrv.o
 .bss.sli_iostream_default
                0x20001280        0x4 ./gecko_sdk_4.4.2/platform/service/iostream/src/sl_iostream.o
 .bss.__sf      0x20001284      0x138 c:/siliconlabs/simplicitystudio/v5/developer/toolchains/gnu_arm/12.2.rel1_2023.7/bin/../lib/gcc/arm-none-eabi/12.2.1/thumb/v8-m.main+fp/hard\libc_nano.a(libc_a-findfp.o)
                0x20001284                __sf
 .bss.__stdio_exit_handler
                0x200013bc        0x4 c:/siliconlabs/simplicitystudio/v5/developer/toolchains/gnu_arm/12.2.rel1_2023.7/bin/../lib/gcc/arm-none-eabi/12.2.1/thumb/v8-m.main+fp/hard\libc_nano.a(libc_a-findfp.o)
                0x200013bc                __stdio_exit_handler
 .bss.errno     0x200013c0        0x4 c:/siliconlabs/simplicitystudio/v5/developer/toolchains/gnu_arm/12.2.rel1_2023.7/bin/../lib/gcc/arm-none-eabi/12.2.1/thumb/v8-m.main+fp/hard\libc_nano.a(libc_a-reent.o)
                0x200013c0                errno
 .bss.__malloc_sbrk_start
                0x200013c4        0x4 c:/siliconlabs/simplicitystudio/v5/developer/toolchains/gnu_arm/12.2.rel1_2023.7/bin/../lib/gcc/arm-none-eabi/12.2.1/thumb/v8-m.main+fp/hard\libc_nano.a(libc_a-mallocr.o)
                0x200013c4                __malloc_sbrk_start
 .bss.__malloc_free_list
                0x200013c8        0x4 c:/siliconlabs/simplicitystudio/v5/developer/toolchains/gnu_arm/12.2.rel1_2023.7/bin/../lib/gcc/arm-none-eabi/12.2.1/thumb/v8-m.main+fp/hard\libc_nano.a(libc_a-mallocr.o)
                0x200013c8                __malloc_free_list
 .bss.completed.1
                0x200013cc        0x1 c:/siliconlabs/simplicitystudio/v5/developer/toolchains/gnu_arm/12.2.rel1_2023.7/bin/../lib/gcc/arm-none-eabi/12.2.1/thumb/v8-m.main+fp/hard/crtbegin.o
 .bss.rx_buffer_vcom
                0x200013cd       0x20 ./autogen/sl_iostream_init_usart_instances.o
 .bss.level_mask_enabled
                0x200013ed        0x1 ./gecko_sdk_4.4.2/app/common/util/app_log/app_log.o
 .bss.initialized
                0x200013ee        0x1 ./gecko_sdk_4.4.2/platform/emdrv/dmadrv/src/dmadrv.o
 .bss.vScaleEM01Config
                0x200013ef        0x1 ./gecko_sdk_4.4.2/platform/emlib/src/em_emu.o
 .bss.__lock___malloc_recursive_mutex
                0x200013f0        0x1 c:/siliconlabs/simplicitystudio/v5/developer/toolchains/gnu_arm/12.2.rel1_2023.7/bin/../lib/gcc/arm-none-eabi/12.2.1/thumb/v8-m.main+fp/hard\libc_nano.a(libc_a-lock.o)
                0x200013f0                __lock___malloc_recursive_mutex
 .bss.__lock___sfp_recursive_mutex
                0x200013f1        0x1 c:/siliconlabs/simplicitystudio/v5/developer/toolchains/gnu_arm/12.2.rel1_2023.7/bin/../lib/gcc/arm-none-eabi/12.2.1/thumb/v8-m.main+fp/hard\libc_nano.a(libc_a-lock.o)
                0x200013f1                __lock___sfp_recursive_mutex
 *(COMMON)
                0x200013f4                . = ALIGN (0x4)
 *fill*         0x200013f2        0x2 
                0x200013f4                __bss_end__ = .
                0x200013f4                __ramfuncs_start__ = .
                0x200013f4                __vma_ramfuncs_start__ = .
                0x08004a8c                __lma_ramfuncs_start__ = (__etext + SIZEOF (.data))
                0x00000000                __text_application_ram_offset__ = (. - __vma_ramfuncs_start__)

text_application_ram
                0x200013f4        0x0 load address 0x08004a8c
                0x200013f4                . = ALIGN (0x4)
                0x200013f4                __text_application_ram_start__ = .
 *(text_application_ram)
                0x200013f4                . = ALIGN (0x4)
                0x200013f4                __text_application_ram_end__ = .
                0x200013f4                . = ALIGN (0x4)
                0x200013f4                __vma_ramfuncs_end__ = .
                0x08004a8c                __lma_ramfuncs_end__ = ((__lma_ramfuncs_start__ + __text_application_ram_offset__) + SIZEOF (text_application_ram))
                0x200013f4                __ramfuncs_end__ = .

.heap           0x200013f8      0x800
                0x200013f8                __HeapBase = .
                0x200013f8                __end__ = .
                0x200013f8                end = __end__
                0x200013f8                _end = __end__
 *(.heap*)
 .heap          0x200013f8      0x800 ./gecko_sdk_4.4.2/platform/common/toolchain/src/sl_memory.o
                0x20040000                __HeapLimit = (ORIGIN (RAM) + LENGTH (RAM))
                0x0003ec08                __heap_size = (__HeapLimit - __HeapBase)
                0x20040000                __ram_end__ = 0x20040000
                0x0817e000                __main_flash_end__ = 0x817e000

.internal_storage
 *(.internal_storage*)

.nvm
 *(.simee*)
                0x0817e000                linker_nvm_end = __main_flash_end__
                0x0817e000                linker_nvm_begin = (linker_nvm_end - SIZEOF (.nvm))
                0x00000000                linker_nvm_size = SIZEOF (.nvm)
                0x0817e000                linker_storage_end = linker_nvm_begin
                0x0817e000                __nvm3Base = linker_nvm_begin
                0x0817e000                linker_storage_begin = (linker_storage_end - SIZEOF (.internal_storage))
                0x00000000                linker_storage_size = SIZEOF (.internal_storage)
                0x00000001                ASSERT ((linker_storage_begin >= (__etext + SIZEOF (.data))), FLASH memory overflowed !)
                0x0817e000                app_flash_end = 0x817e000
                0x00000001                ASSERT (((linker_nvm_begin + SIZEOF (.nvm)) <= app_flash_end), NVM3 is excessing the flash size !)
OUTPUT(DHT11_Sensor.axf elf32-littlearm)
LOAD linker stubs

.ARM.attributes
                0x00000000       0x36
 .ARM.attributes
                0x00000000       0x26 c:/siliconlabs/simplicitystudio/v5/developer/toolchains/gnu_arm/12.2.rel1_2023.7/bin/../lib/gcc/arm-none-eabi/12.2.1/thumb/v8-m.main+fp/hard/crti.o
 .ARM.attributes
                0x00000026       0x38 c:/siliconlabs/simplicitystudio/v5/developer/toolchains/gnu_arm/12.2.rel1_2023.7/bin/../lib/gcc/arm-none-eabi/12.2.1/thumb/v8-m.main+fp/hard/crtbegin.o
 .ARM.attributes
                0x0000005e       0x24 c:/siliconlabs/simplicitystudio/v5/developer/toolchains/gnu_arm/12.2.rel1_2023.7/bin/../lib/gcc/arm-none-eabi/12.2.1/thumb/v8-m.main+fp/hard/crt0.o
 .ARM.attributes
                0x00000082       0x3a ./autogen/sl_board_default_init.o
 .ARM.attributes
                0x000000bc       0x3a ./autogen/sl_device_init_clocks.o
 .ARM.attributes
                0x000000f6       0x3a ./autogen/sl_event_handler.o
 .ARM.attributes
                0x00000130       0x3a ./autogen/sl_iostream_init_usart_instances.o
 .ARM.attributes
                0x0000016a       0x3a ./dht11.o
 .ARM.attributes
                0x000001a4       0x3a ./main.o
 .ARM.attributes
                0x000001de       0x3a ./gecko_sdk_4.4.2/app/common/util/app_log/app_log.o
 .ARM.attributes
                0x00000218       0x3a ./gecko_sdk_4.4.2/hardware/board/src/sl_board_control_gpio.o
 .ARM.attributes
                0x00000252       0x3a ./gecko_sdk_4.4.2/hardware/board/src/sl_board_init.o
 .ARM.attributes
                0x0000028c       0x3a ./gecko_sdk_4.4.2/hardware/driver/configuration_over_swo/src/sl_cos.o
 .ARM.attributes
                0x000002c6       0x3a ./gecko_sdk_4.4.2/hardware/driver/mx25_flash_shutdown/src/sl_mx25_flash_shutdown_usart/sl_mx25_flash_shutdown.o
 .ARM.attributes
                0x00000300       0x3a ./gecko_sdk_4.4.2/platform/Device/SiliconLabs/EFR32MG24/Source/startup_efr32mg24.o
 .ARM.attributes
                0x0000033a       0x3a ./gecko_sdk_4.4.2/platform/Device/SiliconLabs/EFR32MG24/Source/system_efr32mg24.o
 .ARM.attributes
                0x00000374       0x3a ./gecko_sdk_4.4.2/platform/common/src/sl_assert.o
 .ARM.attributes
                0x000003ae       0x3a ./gecko_sdk_4.4.2/platform/common/toolchain/src/sl_memory.o
 .ARM.attributes
                0x000003e8       0x3a ./gecko_sdk_4.4.2/platform/driver/debug/src/sl_debug_swo.o
 .ARM.attributes
                0x00000422       0x3a ./gecko_sdk_4.4.2/platform/emdrv/dmadrv/src/dmadrv.o
 .ARM.attributes
                0x0000045c       0x3a ./gecko_sdk_4.4.2/platform/emlib/src/em_cmu.o
 .ARM.attributes
                0x00000496       0x3a ./gecko_sdk_4.4.2/platform/emlib/src/em_core.o
 .ARM.attributes
                0x000004d0       0x3a ./gecko_sdk_4.4.2/platform/emlib/src/em_emu.o
 .ARM.attributes
                0x0000050a       0x3a ./gecko_sdk_4.4.2/platform/emlib/src/em_gpio.o
 .ARM.attributes
                0x00000544       0x3a ./gecko_sdk_4.4.2/platform/emlib/src/em_ldma.o
 .ARM.attributes
                0x0000057e       0x3a ./gecko_sdk_4.4.2/platform/emlib/src/em_system.o
 .ARM.attributes
                0x000005b8       0x3a ./gecko_sdk_4.4.2/platform/emlib/src/em_usart.o
 .ARM.attributes
                0x000005f2       0x3a ./gecko_sdk_4.4.2/platform/service/device_init/src/sl_device_init_dcdc_s2.o
 .ARM.attributes
                0x0000062c       0x3a ./gecko_sdk_4.4.2/platform/service/device_init/src/sl_device_init_emu_s2.o
 .ARM.attributes
                0x00000666       0x3a ./gecko_sdk_4.4.2/platform/service/device_init/src/sl_device_init_hfxo_s2.o
 .ARM.attributes
                0x000006a0       0x3a ./gecko_sdk_4.4.2/platform/service/device_init/src/sl_device_init_lfxo_s2.o
 .ARM.attributes
                0x000006da       0x3a ./gecko_sdk_4.4.2/platform/service/device_init/src/sl_device_init_nvic.o
 .ARM.attributes
                0x00000714       0x3a ./gecko_sdk_4.4.2/platform/service/iostream/src/sl_iostream.o
 .ARM.attributes
                0x0000074e       0x3a ./gecko_sdk_4.4.2/platform/service/iostream/src/sl_iostream_retarget_stdio.o
 .ARM.attributes
                0x00000788       0x3a ./gecko_sdk_4.4.2/platform/service/iostream/src/sl_iostream_stdlib_config.o
 .ARM.attributes
                0x000007c2       0x3a ./gecko_sdk_4.4.2/platform/service/iostream/src/sl_iostream_uart.o
 .ARM.attributes
                0x000007fc       0x3a ./gecko_sdk_4.4.2/platform/service/iostream/src/sl_iostream_usart.o
 .ARM.attributes
                0x00000836       0x3a ./gecko_sdk_4.4.2/platform/service/system/src/sl_system_init.o
 .ARM.attributes
                0x00000870       0x3a ./gecko_sdk_4.4.2/platform/service/system/src/sl_system_process_action.o
 .ARM.attributes
                0x000008aa       0x3a ./gecko_sdk_4.4.2/platform/service/udelay/src/sl_udelay.o
 .ARM.attributes
                0x000008e4       0x26 ./gecko_sdk_4.4.2/platform/service/udelay/src/sl_udelay_armv6m_gcc.o
 .ARM.attributes
                0x0000090a       0x38 c:/siliconlabs/simplicitystudio/v5/developer/toolchains/gnu_arm/12.2.rel1_2023.7/bin/../lib/gcc/arm-none-eabi/12.2.1/thumb/v8-m.main+fp/hard\libc_nano.a(libc_a-exit.o)
 .ARM.attributes
                0x00000942       0x38 c:/siliconlabs/simplicitystudio/v5/developer/toolchains/gnu_arm/12.2.rel1_2023.7/bin/../lib/gcc/arm-none-eabi/12.2.1/thumb/v8-m.main+fp/hard\libc_nano.a(libc_a-findfp.o)
 .ARM.attributes
                0x0000097a       0x38 c:/siliconlabs/simplicitystudio/v5/developer/toolchains/gnu_arm/12.2.rel1_2023.7/bin/../lib/gcc/arm-none-eabi/12.2.1/thumb/v8-m.main+fp/hard\libc_nano.a(libc_a-fwalk.o)
 .ARM.attributes
                0x000009b2       0x38 c:/siliconlabs/simplicitystudio/v5/developer/toolchains/gnu_arm/12.2.rel1_2023.7/bin/../lib/gcc/arm-none-eabi/12.2.1/thumb/v8-m.main+fp/hard\libc_nano.a(libc_a-setvbuf.o)
 .ARM.attributes
                0x000009ea       0x38 c:/siliconlabs/simplicitystudio/v5/developer/toolchains/gnu_arm/12.2.rel1_2023.7/bin/../lib/gcc/arm-none-eabi/12.2.1/thumb/v8-m.main+fp/hard\libc_nano.a(libc_a-stdio.o)
 .ARM.attributes
                0x00000a22       0x38 c:/siliconlabs/simplicitystudio/v5/developer/toolchains/gnu_arm/12.2.rel1_2023.7/bin/../lib/gcc/arm-none-eabi/12.2.1/thumb/v8-m.main+fp/hard\libc_nano.a(libc_a-vprintf.o)
 .ARM.attributes
                0x00000a5a       0x38 c:/siliconlabs/simplicitystudio/v5/developer/toolchains/gnu_arm/12.2.rel1_2023.7/bin/../lib/gcc/arm-none-eabi/12.2.1/thumb/v8-m.main+fp/hard\libc_nano.a(libc_a-memset.o)
 .ARM.attributes
                0x00000a92       0x38 c:/siliconlabs/simplicitystudio/v5/developer/toolchains/gnu_arm/12.2.rel1_2023.7/bin/../lib/gcc/arm-none-eabi/12.2.1/thumb/v8-m.main+fp/hard\libc_nano.a(libc_a-closer.o)
 .ARM.attributes
                0x00000aca       0x38 c:/siliconlabs/simplicitystudio/v5/developer/toolchains/gnu_arm/12.2.rel1_2023.7/bin/../lib/gcc/arm-none-eabi/12.2.1/thumb/v8-m.main+fp/hard\libc_nano.a(libc_a-reent.o)
 .ARM.attributes
                0x00000b02       0x38 c:/siliconlabs/simplicitystudio/v5/developer/toolchains/gnu_arm/12.2.rel1_2023.7/bin/../lib/gcc/arm-none-eabi/12.2.1/thumb/v8-m.main+fp/hard\libc_nano.a(libc_a-impure.o)
 .ARM.attributes
                0x00000b3a       0x38 c:/siliconlabs/simplicitystudio/v5/developer/toolchains/gnu_arm/12.2.rel1_2023.7/bin/../lib/gcc/arm-none-eabi/12.2.1/thumb/v8-m.main+fp/hard\libc_nano.a(libc_a-lseekr.o)
 .ARM.attributes
                0x00000b72       0x38 c:/siliconlabs/simplicitystudio/v5/developer/toolchains/gnu_arm/12.2.rel1_2023.7/bin/../lib/gcc/arm-none-eabi/12.2.1/thumb/v8-m.main+fp/hard\libc_nano.a(libc_a-readr.o)
 .ARM.attributes
                0x00000baa       0x38 c:/siliconlabs/simplicitystudio/v5/developer/toolchains/gnu_arm/12.2.rel1_2023.7/bin/../lib/gcc/arm-none-eabi/12.2.1/thumb/v8-m.main+fp/hard\libc_nano.a(libc_a-writer.o)
 .ARM.attributes
                0x00000be2       0x38 c:/siliconlabs/simplicitystudio/v5/developer/toolchains/gnu_arm/12.2.rel1_2023.7/bin/../lib/gcc/arm-none-eabi/12.2.1/thumb/v8-m.main+fp/hard\libc_nano.a(libc_a-init.o)
 .ARM.attributes
                0x00000c1a       0x38 c:/siliconlabs/simplicitystudio/v5/developer/toolchains/gnu_arm/12.2.rel1_2023.7/bin/../lib/gcc/arm-none-eabi/12.2.1/thumb/v8-m.main+fp/hard\libc_nano.a(libc_a-lock.o)
 .ARM.attributes
                0x00000c52       0x38 c:/siliconlabs/simplicitystudio/v5/developer/toolchains/gnu_arm/12.2.rel1_2023.7/bin/../lib/gcc/arm-none-eabi/12.2.1/thumb/v8-m.main+fp/hard\libc_nano.a(libc_a-memcpy-stub.o)
 .ARM.attributes
                0x00000c8a       0x38 c:/siliconlabs/simplicitystudio/v5/developer/toolchains/gnu_arm/12.2.rel1_2023.7/bin/../lib/gcc/arm-none-eabi/12.2.1/thumb/v8-m.main+fp/hard\libc_nano.a(libc_a-freer.o)
 .ARM.attributes
                0x00000cc2       0x38 c:/siliconlabs/simplicitystudio/v5/developer/toolchains/gnu_arm/12.2.rel1_2023.7/bin/../lib/gcc/arm-none-eabi/12.2.1/thumb/v8-m.main+fp/hard\libc_nano.a(libc_a-malloc.o)
 .ARM.attributes
                0x00000cfa       0x38 c:/siliconlabs/simplicitystudio/v5/developer/toolchains/gnu_arm/12.2.rel1_2023.7/bin/../lib/gcc/arm-none-eabi/12.2.1/thumb/v8-m.main+fp/hard\libc_nano.a(libc_a-mallocr.o)
 .ARM.attributes
                0x00000d32       0x38 c:/siliconlabs/simplicitystudio/v5/developer/toolchains/gnu_arm/12.2.rel1_2023.7/bin/../lib/gcc/arm-none-eabi/12.2.1/thumb/v8-m.main+fp/hard\libc_nano.a(libc_a-mlock.o)
 .ARM.attributes
                0x00000d6a       0x38 c:/siliconlabs/simplicitystudio/v5/developer/toolchains/gnu_arm/12.2.rel1_2023.7/bin/../lib/gcc/arm-none-eabi/12.2.1/thumb/v8-m.main+fp/hard\libc_nano.a(libc_a-nano-vfprintf.o)
 .ARM.attributes
                0x00000da2       0x38 c:/siliconlabs/simplicitystudio/v5/developer/toolchains/gnu_arm/12.2.rel1_2023.7/bin/../lib/gcc/arm-none-eabi/12.2.1/thumb/v8-m.main+fp/hard\libc_nano.a(libc_a-nano-vfprintf_i.o)
 .ARM.attributes
                0x00000dda       0x38 c:/siliconlabs/simplicitystudio/v5/developer/toolchains/gnu_arm/12.2.rel1_2023.7/bin/../lib/gcc/arm-none-eabi/12.2.1/thumb/v8-m.main+fp/hard\libc_nano.a(libc_a-fflush.o)
 .ARM.attributes
                0x00000e12       0x38 c:/siliconlabs/simplicitystudio/v5/developer/toolchains/gnu_arm/12.2.rel1_2023.7/bin/../lib/gcc/arm-none-eabi/12.2.1/thumb/v8-m.main+fp/hard\libc_nano.a(libc_a-makebuf.o)
 .ARM.attributes
                0x00000e4a       0x38 c:/siliconlabs/simplicitystudio/v5/developer/toolchains/gnu_arm/12.2.rel1_2023.7/bin/../lib/gcc/arm-none-eabi/12.2.1/thumb/v8-m.main+fp/hard\libc_nano.a(libc_a-wbuf.o)
 .ARM.attributes
                0x00000e82       0x38 c:/siliconlabs/simplicitystudio/v5/developer/toolchains/gnu_arm/12.2.rel1_2023.7/bin/../lib/gcc/arm-none-eabi/12.2.1/thumb/v8-m.main+fp/hard\libc_nano.a(libc_a-wsetup.o)
 .ARM.attributes
                0x00000eba       0x38 c:/siliconlabs/simplicitystudio/v5/developer/toolchains/gnu_arm/12.2.rel1_2023.7/bin/../lib/gcc/arm-none-eabi/12.2.1/thumb/v8-m.main+fp/hard\libc_nano.a(libc_a-fstatr.o)
 .ARM.attributes
                0x00000ef2       0x38 c:/siliconlabs/simplicitystudio/v5/developer/toolchains/gnu_arm/12.2.rel1_2023.7/bin/../lib/gcc/arm-none-eabi/12.2.1/thumb/v8-m.main+fp/hard\libc_nano.a(libc_a-isattyr.o)
 .ARM.attributes
                0x00000f2a       0x38 c:/siliconlabs/simplicitystudio/v5/developer/toolchains/gnu_arm/12.2.rel1_2023.7/bin/../lib/gcc/arm-none-eabi/12.2.1/thumb/v8-m.main+fp/hard\libc_nano.a(libc_a-sbrkr.o)
 .ARM.attributes
                0x00000f62       0x38 c:/siliconlabs/simplicitystudio/v5/developer/toolchains/gnu_arm/12.2.rel1_2023.7/bin/../lib/gcc/arm-none-eabi/12.2.1/thumb/v8-m.main+fp/hard\libc_nano.a(libc_a-memchr-stub.o)
 .ARM.attributes
                0x00000f9a       0x38 c:/siliconlabs/simplicitystudio/v5/developer/toolchains/gnu_arm/12.2.rel1_2023.7/bin/../lib/gcc/arm-none-eabi/12.2.1/thumb/v8-m.main+fp/hard/crtend.o
 .ARM.attributes
                0x00000fd2       0x26 c:/siliconlabs/simplicitystudio/v5/developer/toolchains/gnu_arm/12.2.rel1_2023.7/bin/../lib/gcc/arm-none-eabi/12.2.1/thumb/v8-m.main+fp/hard/crtn.o

.comment        0x00000000       0x45
 .comment       0x00000000       0x45 ./autogen/sl_board_default_init.o
                                 0x46 (size before relaxing)
 .comment       0x00000045       0x46 ./autogen/sl_device_init_clocks.o
 .comment       0x00000045       0x46 ./autogen/sl_event_handler.o
 .comment       0x00000045       0x46 ./autogen/sl_iostream_init_usart_instances.o
 .comment       0x00000045       0x46 ./dht11.o
 .comment       0x00000045       0x46 ./main.o
 .comment       0x00000045       0x46 ./gecko_sdk_4.4.2/app/common/util/app_log/app_log.o
 .comment       0x00000045       0x46 ./gecko_sdk_4.4.2/hardware/board/src/sl_board_control_gpio.o
 .comment       0x00000045       0x46 ./gecko_sdk_4.4.2/hardware/board/src/sl_board_init.o
 .comment       0x00000045       0x46 ./gecko_sdk_4.4.2/hardware/driver/configuration_over_swo/src/sl_cos.o
 .comment       0x00000045       0x46 ./gecko_sdk_4.4.2/hardware/driver/mx25_flash_shutdown/src/sl_mx25_flash_shutdown_usart/sl_mx25_flash_shutdown.o
 .comment       0x00000045       0x46 ./gecko_sdk_4.4.2/platform/Device/SiliconLabs/EFR32MG24/Source/startup_efr32mg24.o
 .comment       0x00000045       0x46 ./gecko_sdk_4.4.2/platform/Device/SiliconLabs/EFR32MG24/Source/system_efr32mg24.o
 .comment       0x00000045       0x46 ./gecko_sdk_4.4.2/platform/common/src/sl_assert.o
 .comment       0x00000045       0x46 ./gecko_sdk_4.4.2/platform/common/toolchain/src/sl_memory.o
 .comment       0x00000045       0x46 ./gecko_sdk_4.4.2/platform/driver/debug/src/sl_debug_swo.o
 .comment       0x00000045       0x46 ./gecko_sdk_4.4.2/platform/emdrv/dmadrv/src/dmadrv.o
 .comment       0x00000045       0x46 ./gecko_sdk_4.4.2/platform/emlib/src/em_cmu.o
 .comment       0x00000045       0x46 ./gecko_sdk_4.4.2/platform/emlib/src/em_core.o
 .comment       0x00000045       0x46 ./gecko_sdk_4.4.2/platform/emlib/src/em_emu.o
 .comment       0x00000045       0x46 ./gecko_sdk_4.4.2/platform/emlib/src/em_gpio.o
 .comment       0x00000045       0x46 ./gecko_sdk_4.4.2/platform/emlib/src/em_ldma.o
 .comment       0x00000045       0x46 ./gecko_sdk_4.4.2/platform/emlib/src/em_system.o
 .comment       0x00000045       0x46 ./gecko_sdk_4.4.2/platform/emlib/src/em_usart.o
 .comment       0x00000045       0x46 ./gecko_sdk_4.4.2/platform/service/device_init/src/sl_device_init_dcdc_s2.o
 .comment       0x00000045       0x46 ./gecko_sdk_4.4.2/platform/service/device_init/src/sl_device_init_emu_s2.o
 .comment       0x00000045       0x46 ./gecko_sdk_4.4.2/platform/service/device_init/src/sl_device_init_hfxo_s2.o
 .comment       0x00000045       0x46 ./gecko_sdk_4.4.2/platform/service/device_init/src/sl_device_init_lfxo_s2.o
 .comment       0x00000045       0x46 ./gecko_sdk_4.4.2/platform/service/device_init/src/sl_device_init_nvic.o
 .comment       0x00000045       0x46 ./gecko_sdk_4.4.2/platform/service/iostream/src/sl_iostream.o
 .comment       0x00000045       0x46 ./gecko_sdk_4.4.2/platform/service/iostream/src/sl_iostream_retarget_stdio.o
 .comment       0x00000045       0x46 ./gecko_sdk_4.4.2/platform/service/iostream/src/sl_iostream_stdlib_config.o
 .comment       0x00000045       0x46 ./gecko_sdk_4.4.2/platform/service/iostream/src/sl_iostream_uart.o
 .comment       0x00000045       0x46 ./gecko_sdk_4.4.2/platform/service/iostream/src/sl_iostream_usart.o
 .comment       0x00000045       0x46 ./gecko_sdk_4.4.2/platform/service/system/src/sl_system_init.o
 .comment       0x00000045       0x46 ./gecko_sdk_4.4.2/platform/service/system/src/sl_system_process_action.o
 .comment       0x00000045       0x46 ./gecko_sdk_4.4.2/platform/service/udelay/src/sl_udelay.o

.debug_line_str
                0x00000000       0xe7
 .debug_line_str
                0x00000000       0xe7 c:/siliconlabs/simplicitystudio/v5/developer/toolchains/gnu_arm/12.2.rel1_2023.7/bin/../lib/gcc/arm-none-eabi/12.2.1/thumb/v8-m.main+fp/hard/crt0.o

.debug_info     0x00000000    0x36cec
 .debug_info    0x00000000       0xc5 ./autogen/sl_board_default_init.o
 .debug_info    0x000000c5     0x1415 ./autogen/sl_device_init_clocks.o
 .debug_info    0x000014da     0x116a ./autogen/sl_event_handler.o
 .debug_info    0x00002644     0x1840 ./autogen/sl_iostream_init_usart_instances.o
 .debug_info    0x00003e84     0x1bc8 ./dht11.o
 .debug_info    0x00005a4c     0x117f ./main.o
 .debug_info    0x00006bcb      0x5fc ./gecko_sdk_4.4.2/app/common/util/app_log/app_log.o
 .debug_info    0x000071c7      0x5b9 ./gecko_sdk_4.4.2/hardware/board/src/sl_board_control_gpio.o
 .debug_info    0x00007780      0x2fb ./gecko_sdk_4.4.2/hardware/board/src/sl_board_init.o
 .debug_info    0x00007a7b      0x4ce ./gecko_sdk_4.4.2/hardware/driver/configuration_over_swo/src/sl_cos.o
 .debug_info    0x00007f49     0x2538 ./gecko_sdk_4.4.2/hardware/driver/mx25_flash_shutdown/src/sl_mx25_flash_shutdown_usart/sl_mx25_flash_shutdown.o
 .debug_info    0x0000a481      0x3a9 ./gecko_sdk_4.4.2/platform/Device/SiliconLabs/EFR32MG24/Source/startup_efr32mg24.o
 .debug_info    0x0000a82a     0x2478 ./gecko_sdk_4.4.2/platform/Device/SiliconLabs/EFR32MG24/Source/system_efr32mg24.o
 .debug_info    0x0000cca2       0x86 ./gecko_sdk_4.4.2/platform/common/src/sl_assert.o
 .debug_info    0x0000cd28      0x205 ./gecko_sdk_4.4.2/platform/common/toolchain/src/sl_memory.o
 .debug_info    0x0000cf2d     0x3328 ./gecko_sdk_4.4.2/platform/driver/debug/src/sl_debug_swo.o
 .debug_info    0x00010255     0x1eb9 ./gecko_sdk_4.4.2/platform/emdrv/dmadrv/src/dmadrv.o
 .debug_info    0x0001210e     0xa8af ./gecko_sdk_4.4.2/platform/emlib/src/em_cmu.o
 .debug_info    0x0001c9bd     0x1416 ./gecko_sdk_4.4.2/platform/emlib/src/em_core.o
 .debug_info    0x0001ddd3     0x5065 ./gecko_sdk_4.4.2/platform/emlib/src/em_emu.o
 .debug_info    0x00022e38     0x2775 ./gecko_sdk_4.4.2/platform/emlib/src/em_gpio.o
 .debug_info    0x000255ad     0x1fe2 ./gecko_sdk_4.4.2/platform/emlib/src/em_ldma.o
 .debug_info    0x0002758f     0x1e67 ./gecko_sdk_4.4.2/platform/emlib/src/em_system.o
 .debug_info    0x000293f6     0x4a3f ./gecko_sdk_4.4.2/platform/emlib/src/em_usart.o
 .debug_info    0x0002de35      0x370 ./gecko_sdk_4.4.2/platform/service/device_init/src/sl_device_init_dcdc_s2.o
 .debug_info    0x0002e1a5      0xb44 ./gecko_sdk_4.4.2/platform/service/device_init/src/sl_device_init_emu_s2.o
 .debug_info    0x0002ece9      0x8c8 ./gecko_sdk_4.4.2/platform/service/device_init/src/sl_device_init_hfxo_s2.o
 .debug_info    0x0002f5b1      0x29e ./gecko_sdk_4.4.2/platform/service/device_init/src/sl_device_init_lfxo_s2.o
 .debug_info    0x0002f84f      0x847 ./gecko_sdk_4.4.2/platform/service/device_init/src/sl_device_init_nvic.o
 .debug_info    0x00030096      0x64c ./gecko_sdk_4.4.2/platform/service/iostream/src/sl_iostream.o
 .debug_info    0x000306e2      0x68b ./gecko_sdk_4.4.2/platform/service/iostream/src/sl_iostream_retarget_stdio.o
 .debug_info    0x00030d6d      0x854 ./gecko_sdk_4.4.2/platform/service/iostream/src/sl_iostream_stdlib_config.o
 .debug_info    0x000315c1     0x1e14 ./gecko_sdk_4.4.2/platform/service/iostream/src/sl_iostream_uart.o
 .debug_info    0x000333d5     0x3611 ./gecko_sdk_4.4.2/platform/service/iostream/src/sl_iostream_usart.o
 .debug_info    0x000369e6       0xa7 ./gecko_sdk_4.4.2/platform/service/system/src/sl_system_init.o
 .debug_info    0x00036a8d       0x93 ./gecko_sdk_4.4.2/platform/service/system/src/sl_system_process_action.o
 .debug_info    0x00036b20      0x1a6 ./gecko_sdk_4.4.2/platform/service/udelay/src/sl_udelay.o
 .debug_info    0x00036cc6       0x26 ./gecko_sdk_4.4.2/platform/service/udelay/src/sl_udelay_armv6m_gcc.o

.debug_abbrev   0x00000000     0x53be
 .debug_abbrev  0x00000000       0x87 ./autogen/sl_board_default_init.o
 .debug_abbrev  0x00000087       0xde ./autogen/sl_device_init_clocks.o
 .debug_abbrev  0x00000165      0x24c ./autogen/sl_event_handler.o
 .debug_abbrev  0x000003b1      0x287 ./autogen/sl_iostream_init_usart_instances.o
 .debug_abbrev  0x00000638      0x29c ./dht11.o
 .debug_abbrev  0x000008d4      0x236 ./main.o
 .debug_abbrev  0x00000b0a      0x2ee ./gecko_sdk_4.4.2/app/common/util/app_log/app_log.o
 .debug_abbrev  0x00000df8      0x187 ./gecko_sdk_4.4.2/hardware/board/src/sl_board_control_gpio.o
 .debug_abbrev  0x00000f7f      0x116 ./gecko_sdk_4.4.2/hardware/board/src/sl_board_init.o
 .debug_abbrev  0x00001095      0x20f ./gecko_sdk_4.4.2/hardware/driver/configuration_over_swo/src/sl_cos.o
 .debug_abbrev  0x000012a4      0x238 ./gecko_sdk_4.4.2/hardware/driver/mx25_flash_shutdown/src/sl_mx25_flash_shutdown_usart/sl_mx25_flash_shutdown.o
 .debug_abbrev  0x000014dc      0x22e ./gecko_sdk_4.4.2/platform/Device/SiliconLabs/EFR32MG24/Source/startup_efr32mg24.o
 .debug_abbrev  0x0000170a      0x34d ./gecko_sdk_4.4.2/platform/Device/SiliconLabs/EFR32MG24/Source/system_efr32mg24.o
 .debug_abbrev  0x00001a57       0x6c ./gecko_sdk_4.4.2/platform/common/src/sl_assert.o
 .debug_abbrev  0x00001ac3      0x11e ./gecko_sdk_4.4.2/platform/common/toolchain/src/sl_memory.o
 .debug_abbrev  0x00001be1      0x2ff ./gecko_sdk_4.4.2/platform/driver/debug/src/sl_debug_swo.o
 .debug_abbrev  0x00001ee0      0x3d4 ./gecko_sdk_4.4.2/platform/emdrv/dmadrv/src/dmadrv.o
 .debug_abbrev  0x000022b4      0x5b2 ./gecko_sdk_4.4.2/platform/emlib/src/em_cmu.o
 .debug_abbrev  0x00002866      0x32f ./gecko_sdk_4.4.2/platform/emlib/src/em_core.o
 .debug_abbrev  0x00002b95      0x4d0 ./gecko_sdk_4.4.2/platform/emlib/src/em_emu.o
 .debug_abbrev  0x00003065      0x32f ./gecko_sdk_4.4.2/platform/emlib/src/em_gpio.o
 .debug_abbrev  0x00003394      0x3f2 ./gecko_sdk_4.4.2/platform/emlib/src/em_ldma.o
 .debug_abbrev  0x00003786      0x297 ./gecko_sdk_4.4.2/platform/emlib/src/em_system.o
 .debug_abbrev  0x00003a1d      0x345 ./gecko_sdk_4.4.2/platform/emlib/src/em_usart.o
 .debug_abbrev  0x00003d62      0x11a ./gecko_sdk_4.4.2/platform/service/device_init/src/sl_device_init_dcdc_s2.o
 .debug_abbrev  0x00003e7c      0x149 ./gecko_sdk_4.4.2/platform/service/device_init/src/sl_device_init_emu_s2.o
 .debug_abbrev  0x00003fc5      0x196 ./gecko_sdk_4.4.2/platform/service/device_init/src/sl_device_init_hfxo_s2.o
 .debug_abbrev  0x0000415b      0x105 ./gecko_sdk_4.4.2/platform/service/device_init/src/sl_device_init_lfxo_s2.o
 .debug_abbrev  0x00004260      0x14b ./gecko_sdk_4.4.2/platform/service/device_init/src/sl_device_init_nvic.o
 .debug_abbrev  0x000043ab      0x2a5 ./gecko_sdk_4.4.2/platform/service/iostream/src/sl_iostream.o
 .debug_abbrev  0x00004650      0x1f9 ./gecko_sdk_4.4.2/platform/service/iostream/src/sl_iostream_retarget_stdio.o
 .debug_abbrev  0x00004849      0x188 ./gecko_sdk_4.4.2/platform/service/iostream/src/sl_iostream_stdlib_config.o
 .debug_abbrev  0x000049d1      0x47c ./gecko_sdk_4.4.2/platform/service/iostream/src/sl_iostream_uart.o
 .debug_abbrev  0x00004e4d      0x387 ./gecko_sdk_4.4.2/platform/service/iostream/src/sl_iostream_usart.o
 .debug_abbrev  0x000051d4       0x5c ./gecko_sdk_4.4.2/platform/service/system/src/sl_system_init.o
 .debug_abbrev  0x00005230       0x5c ./gecko_sdk_4.4.2/platform/service/system/src/sl_system_process_action.o
 .debug_abbrev  0x0000528c      0x11e ./gecko_sdk_4.4.2/platform/service/udelay/src/sl_udelay.o
 .debug_abbrev  0x000053aa       0x14 ./gecko_sdk_4.4.2/platform/service/udelay/src/sl_udelay_armv6m_gcc.o

.debug_aranges  0x00000000      0xd50
 .debug_aranges
                0x00000000       0x20 ./autogen/sl_board_default_init.o
 .debug_aranges